tick 25: projektile 0 laser 0
  p0: pos (353.0, 561.0) vel (10.5, 0.0) hook Idle (342.0, 561.0) sprung 0 hp 10 rüstung 1 waffe Hammer munition [None, Some(10), Some(10)]
  p1: pos (592.0, 561.0) vel (0.0, 0.0) hook Idle (592.0, 561.0) sprung 0 hp 10 rüstung 0 waffe Hammer munition [None, None, None]
  p2: pos (1016.0, 561.0) vel (10.5, 0.0) hook Idle (1006.0, 561.0) sprung 0 hp 10 rüstung 0 waffe Hammer munition [None, None, None]
  p3: pos (1136.0, 174.0) vel (0.0, -1.6015625) hook Idle (1136.0, 176.0) sprung 0 hp 10 rüstung 0 waffe Hammer munition [None, None, None]
  p4: pos (1481.0, 366.0) vel (5.0, -1.6015625) hook Idle (1476.0, 368.0) sprung 0 hp 10 rüstung 0 waffe Hammer munition [None, None, None]
tick 50: projektile 0 laser 0
  p0: pos (564.0, 561.0) vel (3.515625, 0.0) hook Idle (560.0, 561.0) sprung 0 hp 10 rüstung 1 waffe Hammer munition [None, Some(10), Some(10)]
  p1: pos (598.0, 561.0) vel (0.1328125, 0.0) hook Idle (598.0, 561.0) sprung 0 hp 10 rüstung 0 waffe Hammer munition [None, None, None]
  p2: pos (1291.0, 561.0) vel (10.5, 0.0) hook Idle (1280.0, 561.0) sprung 0 hp 10 rüstung 0 waffe Hammer munition [None, None, None]
  p3: pos (1136.0, 50.0) vel (0.0, 1.5) hook Idle (1136.0, 48.0) sprung 2 hp 10 rüstung 0 waffe Hammer munition [None, None, None]
  p4: pos (1553.0, 230.0) vel (0.0, -1.5) hook Idle (1553.0, 231.0) sprung 2 hp 10 rüstung 0 waffe Hammer munition [None, None, None]
tick 75: projektile 0 laser 0
  p0: pos (574.0, 561.0) vel (-0.00390625, 0.0) hook Idle (574.0, 561.0) sprung 0 hp 10 rüstung 1 waffe Hammer munition [None, Some(10), Some(10)]
  p1: pos (610.0, 561.0) vel (0.00390625, 0.0) hook Idle (610.0, 561.0) sprung 0 hp 10 rüstung 0 waffe Hammer munition [None, None, None]
  p2: pos (1551.0, 561.0) vel (-2.1992188, 0.0) hook Idle (1553.0, 561.0) sprung 0 hp 10 rüstung 0 waffe Hammer munition [None, None, None]
  p3: pos (1136.0, 248.0) vel (0.0, 14.0) hook Idle (1136.0, 234.0) sprung 2 hp 10 rüstung 0 waffe Hammer munition [None, None, None]
  p4: pos (1553.0, 357.0) vel (0.0, 11.0) hook Idle (1553.0, 346.0) sprung 2 hp 10 rüstung 0 waffe Hammer munition [None, None, None]
tick 100: projektile 0 laser 0
  p0: pos (574.0, 561.0) vel (-0.00390625, 0.0) hook Idle (574.0, 561.0) sprung 0 hp 10 rüstung 1 waffe Hammer munition [None, Some(10), Some(10)]
  p1: pos (610.0, 561.0) vel (0.00390625, 0.0) hook Idle (610.0, 561.0) sprung 0 hp 10 rüstung 0 waffe Hammer munition [None, None, None]
  p2: pos (1289.0, 561.0) vel (-10.5, 0.0) hook Idle (1300.0, 561.0) sprung 0 hp 10 rüstung 0 waffe Hammer munition [None, None, None]
  p3: pos (1136.0, 369.0) vel (0.0, 0.0) hook Idle (1136.0, 369.0) sprung 0 hp 10 rüstung 0 waffe Hammer munition [None, None, None]
  p4: pos (1454.0, 561.0) vel (-10.5, 0.0) hook Idle (1465.0, 561.0) sprung 0 hp 10 rüstung 0 waffe Hammer munition [None, None, None]
tick 125: projektile 0 laser 0
  p0: pos (574.0, 561.0) vel (-0.00390625, 0.0) hook Idle (574.0, 561.0) sprung 0 hp 10 rüstung 1 waffe Hammer munition [None, Some(10), Some(10)]
  p1: pos (610.0, 561.0) vel (0.00390625, 0.0) hook Idle (610.0, 561.0) sprung 0 hp 10 rüstung 0 waffe Hammer munition [None, None, None]
  p2: pos (1015.0, 561.0) vel (-10.5, 0.0) hook Idle (1025.0, 561.0) sprung 0 hp 10 rüstung 0 waffe Hammer munition [None, None, None]
  p3: pos (1136.0, 305.0) vel (0.0, -11.6015625) hook Idle (1136.0, 317.0) sprung 0 hp 10 rüstung 0 waffe Hammer munition [None, None, None]
  p4: pos (1184.0, 497.0) vel (-10.5, -11.6015625) hook Idle (1194.0, 509.0) sprung 0 hp 10 rüstung 0 waffe Hammer munition [None, None, None]
tick 150: projektile 0 laser 0
  p0: pos (574.0, 561.0) vel (-0.00390625, 0.0) hook Idle (574.0, 561.0) sprung 0 hp 10 rüstung 1 waffe Hammer munition [None, Some(10), Some(10)]
  p1: pos (610.0, 561.0) vel (0.00390625, 0.0) hook Idle (610.0, 561.0) sprung 0 hp 10 rüstung 0 waffe Hammer munition [None, None, None]
  p2: pos (765.0, 561.0) vel (-10.5, 0.0) hook Idle (775.0, 561.0) sprung 0 hp 10 rüstung 0 waffe Hammer munition [None, None, None]
  p3: pos (1136.0, 162.0) vel (0.0, -11.5) hook Idle (1136.0, 173.0) sprung 3 hp 10 rüstung 0 waffe Hammer munition [None, None, None]
  p4: pos (928.0, 507.0) vel (-10.5, 8.5) hook Idle (938.0, 498.0) sprung 2 hp 10 rüstung 0 waffe Hammer munition [None, None, None]
tick 175: projektile 0 laser 0
  p0: pos (563.0, 561.0) vel (-0.76171875, 0.0) hook Idle (564.0, 561.0) sprung 0 hp 10 rüstung 1 waffe Hammer munition [None, Some(10), Some(10)]
  p1: pos (600.0, 561.0) vel (-3.0039063, 0.0) hook Idle (603.0, 561.0) sprung 0 hp 10 rüstung 0 waffe Hammer munition [None, None, None]
  p2: pos (639.0, 561.0) vel (2.671875, 0.42578125) hook Idle (636.0, 561.0) sprung 0 hp 10 rüstung 0 waffe Hammer munition [None, None, None]
  p3: pos (1136.0, 65.0) vel (0.0, 4.0) hook Idle (1136.0, 61.0) sprung 2 hp 10 rüstung 0 waffe Hammer munition [None, None, None]
  p4: pos (678.0, 561.0) vel (-10.5, 0.0) hook Idle (688.0, 561.0) sprung 0 hp 10 rüstung 0 waffe Hammer munition [None, None, None]
tick 200: projektile 0 laser 0
  p0: pos (546.0, 561.0) vel (-0.17578125, 0.0) hook Idle (546.0, 561.0) sprung 0 hp 10 rüstung 1 waffe Hammer munition [None, Some(10), Some(10)]
  p1: pos (580.0, 561.0) vel (-2.4882813, 0.0) hook Idle (582.0, 561.0) sprung 0 hp 10 rüstung 0 waffe Hammer munition [None, None, None]
  p2: pos (620.0, 561.0) vel (-0.06640625, 0.0) hook Idle (620.0, 561.0) sprung 0 hp 10 rüstung 0 waffe Hammer munition [None, None, None]
  p3: pos (1136.0, 326.0) vel (0.0, 16.5) hook Idle (1136.0, 310.0) sprung 2 hp 10 rüstung 0 waffe Hammer munition [None, None, None]
  p4: pos (576.0, 381.0) vel (-5.0, -4.1015625) hook Idle (581.0, 385.0) sprung 0 hp 10 rüstung 0 waffe Hammer munition [None, None, None]
tick 225: projektile 0 laser 0
  p0: pos (526.0, 561.0) vel (-0.453125, 0.0) hook Idle (526.0, 561.0) sprung 0 hp 10 rüstung 1 waffe Hammer munition [None, Some(10), Some(10)]
  p1: pos (560.0, 561.0) vel (-1.9023438, 0.0) hook Idle (562.0, 561.0) sprung 0 hp 10 rüstung 0 waffe Hammer munition [None, None, None]
  p2: pos (596.0, 561.0) vel (-2.1484375, 0.0) hook Idle (598.0, 561.0) sprung 0 hp 10 rüstung 0 waffe Hammer munition [None, None, None]
  p3: pos (1136.0, 369.0) vel (0.0, 0.0) hook Idle (1136.0, 369.0) sprung 0 hp 10 rüstung 0 waffe Hammer munition [None, None, None]
  p4: pos (451.0, 242.0) vel (-5.0, -4.0) hook Idle (456.0, 246.0) sprung 2 hp 10 rüstung 0 waffe Hammer munition [None, None, None]
tick 250: projektile 0 laser 0
  p0: pos (504.0, 561.0) vel (-1.6835938, 0.42578125) hook Idle (506.0, 561.0) sprung 0 hp 10 rüstung 1 waffe Hammer munition [None, Some(10), Some(10)]
  p1: pos (543.0, 561.0) vel (3.1289063, 0.42578125) hook Idle (540.0, 561.0) sprung 0 hp 10 rüstung 0 waffe Hammer munition [None, None, None]
  p2: pos (571.0, 561.0) vel (-5.8828125, 0.5) hook Idle (575.0, 561.0) sprung 0 hp 10 rüstung 0 waffe Hammer munition [None, None, None]
  p3: pos (1136.0, 254.0) vel (0.0, -9.1015625) hook Idle (1136.0, 263.0) sprung 0 hp 10 rüstung 0 waffe Hammer munition [None, None, None]
  p4: pos (326.0, 308.0) vel (-5.0, 8.5) hook Idle (331.0, 299.0) sprung 2 hp 10 rüstung 0 waffe Hammer munition [None, None, None]
tick 275: projektile 0 laser 0
  p0: pos (476.0, 561.0) vel (-0.23828125, 0.0) hook Idle (476.0, 561.0) sprung 0 hp 8 rüstung 0 waffe Grenade munition [None, Some(9), Some(10)]
  p1: pos (458.0, 455.0) vel (-4.6171875, -5.3632813) hook Idle (463.0, 460.0) sprung 0 hp 1 rüstung 0 waffe Hammer munition [None, None, None]
  p2: pos (514.0, 561.0) vel (-1.8945313, 0.0) hook Idle (516.0, 561.0) sprung 0 hp 4 rüstung 0 waffe Hammer munition [None, None, None]
  p3: pos (1136.0, 113.0) vel (0.0, -9.0) hook Idle (1136.0, 122.0) sprung 2 hp 10 rüstung 0 waffe Hammer munition [None, None, None]
  p4: pos (175.0, 561.0) vel (-10.5, 0.0) hook Idle (185.0, 561.0) sprung 0 hp 10 rüstung 0 waffe Hammer munition [None, None, None]
tick 300: projektile 0 laser 0
  p0: pos (462.0, 455.0) vel (-0.2421875, -9.6015625) hook Idle (462.0, 465.0) sprung 0 hp 8 rüstung 0 waffe Grenade munition [None, Some(9), Some(10)]
  p1: pos (395.0, 486.0) vel (-1.2890625, 7.1367188) hook Idle (396.0, 479.0) sprung 0 hp 1 rüstung 0 waffe Hammer munition [None, None, None]
  p2: pos (423.0, 561.0) vel (-10.5, 0.0) hook Idle (434.0, 561.0) sprung 0 hp 4 rüstung 0 waffe Hammer munition [None, None, None]
  p3: pos (1136.0, 93.0) vel (0.0, 6.5) hook Idle (1136.0, 86.0) sprung 2 hp 10 rüstung 0 waffe Hammer munition [None, None, None]
  p4: pos (148.0, 561.0) vel (10.5, 0.0) hook Idle (138.0, 561.0) sprung 0 hp 10 rüstung 0 waffe Hammer munition [None, None, None]
tick 325: projektile 0 laser 0
  p0: pos (462.0, 374.0) vel (-0.07421875, 2.8984375) hook Idle (462.0, 371.0) sprung 0 hp 8 rüstung 0 waffe Grenade munition [None, Some(8), Some(10)]
  p1: pos (387.0, 561.0) vel (-0.00390625, 0.0) hook Idle (387.0, 561.0) sprung 0 hp 1 rüstung 0 waffe Hammer munition [None, None, None]
  p2: pos (157.0, 561.0) vel (-10.5, 0.0) hook Idle (167.0, 561.0) sprung 0 hp 4 rüstung 0 waffe Hammer munition [None, None, None]
  p3: pos (1136.0, 369.0) vel (0.0, 0.0) hook Idle (1136.0, 369.0) sprung 0 hp 10 rüstung 0 waffe Hammer munition [None, None, None]
  p4: pos (402.0, 367.0) vel (10.5, -1.6015625) hook Idle (391.0, 369.0) sprung 0 hp 10 rüstung 0 waffe Hammer munition [None, None, None]
tick 350: projektile 1 laser 0
  p0: pos (471.0, 561.0) vel (0.07421875, 0.0) hook Idle (471.0, 561.0) sprung 0 hp 8 rüstung 0 waffe Grenade munition [None, Some(7), Some(10)]
  p1: pos (387.0, 561.0) vel (-0.00390625, 0.0) hook Idle (387.0, 561.0) sprung 0 hp 1 rüstung 0 waffe Hammer munition [None, None, None]
  p2: pos (158.0, 561.0) vel (10.5, 0.0) hook Idle (148.0, 561.0) sprung 0 hp 4 rüstung 0 waffe Hammer munition [None, None, None]
  p3: pos (1136.0, 369.0) vel (0.0, 0.0) hook Idle (1136.0, 369.0) sprung 0 hp 10 rüstung 0 waffe Hammer munition [None, None, None]
  p4: pos (544.0, 241.0) vel (5.0, -5.5) hook Idle (539.0, 246.0) sprung 2 hp 10 rüstung 0 waffe Hammer munition [None, None, None]
tick 375: projektile 0 laser 0
  p0: pos (471.0, 561.0) vel (0.00390625, 0.0) hook Idle (471.0, 561.0) sprung 0 hp 8 rüstung 0 waffe Grenade munition [None, Some(6), Some(10)]
  p1: pos (396.0, 561.0) vel (2.2070313, 0.42578125) hook Idle (394.0, 561.0) sprung 0 hp 1 rüstung 0 waffe Hammer munition [None, None, None]
  p2: pos (362.0, 561.0) vel (-0.421875, 0.42578125) hook Idle (362.0, 561.0) sprung 0 hp 4 rüstung 0 waffe Hammer munition [None, None, None]
  p3: pos (1136.0, 215.0) vel (0.0, -6.6015625) hook Idle (1136.0, 222.0) sprung 0 hp 10 rüstung 0 waffe Hammer munition [None, None, None]
  p4: pos (669.0, 269.0) vel (5.0, 7.0) hook Idle (664.0, 262.0) sprung 2 hp 10 rüstung 0 waffe Hammer munition [None, None, None]
tick 400: projektile 0 laser 0
  p0: pos (471.0, 429.0) vel (0.00390625, -8.1015625) hook Idle (471.0, 437.0) sprung 0 hp 8 rüstung 0 waffe Grenade munition [None, Some(5), Some(10)]
  p1: pos (416.0, 561.0) vel (2.3242188, 0.42578125) hook Idle (414.0, 561.0) sprung 0 hp 1 rüstung 0 waffe Hammer munition [None, None, None]
  p2: pos (382.0, 561.0) vel (0.1953125, 0.0) hook Idle (382.0, 561.0) sprung 0 hp 4 rüstung 0 waffe Hammer munition [None, None, None]
  p3: pos (1136.0, 76.0) vel (0.0, -6.5) hook Idle (1136.0, 83.0) sprung 2 hp 10 rüstung 0 waffe Hammer munition [None, None, None]
  p4: pos (815.0, 561.0) vel (12.2109375, 0.5) hook Idle (803.0, 561.0) sprung 0 hp 4 rüstung 0 waffe Hammer munition [None, None, None]
tick 425: projektile 1 laser 0
  p0: pos (471.0, 385.0) vel (0.00390625, 4.3984375) hook Idle (471.0, 381.0) sprung 0 hp 8 rüstung 0 waffe Grenade munition [None, Some(4), Some(10)]
  p1: pos (438.0, 561.0) vel (0.65625, 0.0) hook Idle (437.0, 561.0) sprung 0 hp 1 rüstung 0 waffe Hammer munition [None, None, None]
  p2: pos (402.0, 561.0) vel (1.15625, 0.0) hook Idle (401.0, 561.0) sprung 0 hp 4 rüstung 0 waffe Hammer munition [None, None, None]
  p3: pos (1136.0, 133.0) vel (0.0, 9.0) hook Idle (1136.0, 124.0) sprung 2 hp 10 rüstung 0 waffe Hammer munition [None, None, None]
  p4: pos (1114.0, 497.0) vel (12.2109375, -11.6015625) hook Idle (1102.0, 509.0) sprung 0 hp 4 rüstung 0 waffe Hammer munition [None, None, None]
tick 450: projektile 1 laser 0
  p0: pos (514.0, 561.0) vel (2.765625, 0.0) hook Idle (511.0, 558.0) sprung 0 hp 8 rüstung 0 waffe Grenade munition [None, Some(3), Some(10)]
  p1: pos (463.0, 561.0) vel (0.28515625, 0.0) hook Idle (463.0, 561.0) sprung 0 hp 1 rüstung 0 waffe Hammer munition [None, None, None]
  p2: pos (433.0, 561.0) vel (6.4453125, 0.0) hook Idle (427.0, 561.0) sprung 0 hp 4 rüstung 0 waffe Hammer munition [None, None, None]
  p3: pos (1136.0, 369.0) vel (0.0, 0.0) hook Idle (1136.0, 369.0) sprung 0 hp 10 rüstung 0 waffe Hammer munition [None, None, None]
  p4: pos (1414.0, 508.0) vel (12.2109375, 8.5) hook Idle (1402.0, 499.0) sprung 2 hp 4 rüstung 0 waffe Hammer munition [None, None, None]
tick 475: projektile 0 laser 0
  p0: pos (520.0, 561.0) vel (0.06640625, 0.0) hook Idle (520.0, 561.0) sprung 0 hp 8 rüstung 0 waffe Grenade munition [None, Some(3), Some(10)]
  p1: pos (484.0, 561.0) vel (0.16015625, 0.0) hook Idle (484.0, 561.0) sprung 0 hp 1 rüstung 0 waffe Hammer munition [None, None, None]
  p2: pos (455.0, 561.0) vel (6.4648438, 0.0) hook Idle (449.0, 561.0) sprung 0 hp 4 rüstung 0 waffe Hammer munition [None, None, None]
  p3: pos (1136.0, 369.0) vel (0.0, 0.0) hook Idle (1136.0, 369.0) sprung 0 hp 10 rüstung 0 waffe Hammer munition [None, None, None]
  p4: pos (1432.0, 561.0) vel (-10.5, 0.0) hook Idle (1443.0, 561.0) sprung 0 hp 4 rüstung 0 waffe Hammer munition [None, None, None]
tick 500: projektile 0 laser 0
  p0: pos (528.0, 407.0) vel (0.1171875, -6.6015625) hook Idle (528.0, 414.0) sprung 0 hp 8 rüstung 0 waffe Grenade munition [None, Some(2), Some(10)]
  p1: pos (506.0, 561.0) vel (0.35546875, 0.0) hook Idle (506.0, 561.0) sprung 0 hp 1 rüstung 0 waffe Hammer munition [None, None, None]
  p2: pos (468.0, 561.0) vel (1.6054688, 0.0) hook Idle (466.0, 561.0) sprung 0 hp 4 rüstung 0 waffe Hammer munition [None, None, None]
  p3: pos (1136.0, 189.0) vel (0.0, -4.1015625) hook Idle (1136.0, 193.0) sprung 0 hp 10 rüstung 0 waffe Hammer munition [None, None, None]
  p4: pos (1171.0, 442.0) vel (-10.5, 3.5) hook Idle (1181.0, 439.0) sprung 2 hp 4 rüstung 0 waffe Hammer munition [None, None, None]
tick 525: projektile 0 laser 0
  p0: pos (528.0, 401.0) vel (0.0390625, 5.8984375) hook Idle (528.0, 395.0) sprung 0 hp 8 rüstung 0 waffe Laser munition [None, Some(2), Some(9)]
  p1: pos (527.0, 561.0) vel (1.4453125, 0.0) hook Idle (526.0, 561.0) sprung 0 hp 1 rüstung 0 waffe Hammer munition [None, None, None]
  p2: pos (490.0, 561.0) vel (-2.1445313, 0.42578125) hook Idle (492.0, 561.0) sprung 0 hp 4 rüstung 0 waffe Hammer munition [None, None, None]
  p3: pos (1136.0, 51.0) vel (0.0, -4.0) hook Idle (1136.0, 55.0) sprung 2 hp 10 rüstung 0 waffe Hammer munition [None, None, None]
  p4: pos (921.0, 561.0) vel (-10.5, 0.0) hook Idle (931.0, 561.0) sprung 0 hp 4 rüstung 0 waffe Hammer munition [None, None, None]
tick 550: projektile 0 laser 0
  p0: pos (509.0, 523.0) vel (-1.2382813, 0.671875) hook Idle (510.0, 522.0) sprung 0 hp 8 rüstung 0 waffe Laser munition [None, Some(2), Some(8)]
  p1: pos (548.0, 561.0) vel (2.5742188, 0.42578125) hook Idle (545.0, 561.0) sprung 0 hp 1 rüstung 0 waffe Hammer munition [None, None, None]
  p2: pos (514.0, 561.0) vel (-0.34375, 0.0) hook Idle (514.0, 561.0) sprung 0 hp 4 rüstung 0 waffe Hammer munition [None, None, None]
  p3: pos (1136.0, 184.0) vel (0.0, 11.5) hook Idle (1136.0, 173.0) sprung 2 hp 10 rüstung 0 waffe Hammer munition [None, None, None]
  p4: tot seit 542
tick 575: projektile 0 laser 0
  p0: pos (487.0, 561.0) vel (-0.015625, 0.0) hook Idle (487.0, 561.0) sprung 0 hp 8 rüstung 0 waffe Laser munition [None, Some(2), Some(8)]
  p1: pos (570.0, 561.0) vel (1.4453125, 0.0) hook Idle (569.0, 561.0) sprung 0 hp 1 rüstung 0 waffe Hammer munition [None, None, None]
  p2: pos (533.0, 561.0) vel (-2.2851563, 0.42578125) hook Idle (535.0, 561.0) sprung 0 hp 4 rüstung 0 waffe Hammer munition [None, None, None]
  p3: pos (1136.0, 369.0) vel (0.0, 0.0) hook Idle (1136.0, 369.0) sprung 0 hp 10 rüstung 0 waffe Hammer munition [None, None, None]
  p4: tot seit 542
tick 600: projektile 0 laser 0
  p0: pos (487.0, 390.0) vel (-0.00390625, -5.1015625) hook Idle (487.0, 395.0) sprung 0 hp 8 rüstung 0 waffe Laser munition [None, Some(2), Some(7)]
  p1: pos (575.0, 561.0) vel (0.00390625, 0.0) hook Idle (575.0, 561.0) sprung 0 hp 1 rüstung 0 waffe Hammer munition [None, None, None]
  p2: tot seit 580
  p3: pos (1136.0, 369.0) vel (0.0, 0.0) hook Idle (1136.0, 369.0) sprung 0 hp 10 rüstung 0 waffe Hammer munition [None, None, None]
  p4: tot seit 542
tick 625: projektile 0 laser 1
  p0: pos (487.0, 421.0) vel (-0.00390625, 7.3984375) hook Idle (487.0, 414.0) sprung 0 hp 8 rüstung 0 waffe Laser munition [None, Some(2), Some(6)]
  p1: pos (575.0, 561.0) vel (0.00390625, 0.0) hook Idle (575.0, 561.0) sprung 0 hp 1 rüstung 0 waffe Hammer munition [None, None, None]
  p2: tot seit 580
  p3: pos (1136.0, 175.0) vel (0.0, -1.6015625) hook Idle (1136.0, 177.0) sprung 0 hp 10 rüstung 0 waffe Hammer munition [None, None, None]
  p4: tot seit 542
tick 650: projektile 0 laser 0
  p0: pos (487.0, 561.0) vel (-0.00390625, 0.0) hook Idle (487.0, 561.0) sprung 0 hp 8 rüstung 0 waffe Laser munition [None, Some(2), Some(6)]
  p1: pos (575.0, 561.0) vel (0.00390625, 0.0) hook Idle (575.0, 561.0) sprung 0 hp 1 rüstung 0 waffe Hammer munition [None, None, None]
  p2: tot seit 580
  p3: pos (1136.0, 50.0) vel (0.0, 1.5) hook Idle (1136.0, 48.0) sprung 2 hp 10 rüstung 0 waffe Hammer munition [None, None, None]
  p4: tot seit 542
tick 675: projektile 0 laser 0
  p0: pos (487.0, 561.0) vel (-0.00390625, 0.0) hook Idle (487.0, 561.0) sprung 0 hp 8 rüstung 0 waffe Laser munition [None, Some(2), Some(5)]
  p1: tot seit 660
  p2: tot seit 580
  p3: pos (1136.0, 248.0) vel (0.0, 14.0) hook Idle (1136.0, 234.0) sprung 2 hp 10 rüstung 0 waffe Hammer munition [None, None, None]
  p4: tot seit 542
tick 700: projektile 0 laser 0
  p0: pos (487.0, 377.0) vel (-0.00390625, -3.6015625) hook Idle (487.0, 381.0) sprung 0 hp 8 rüstung 0 waffe Laser munition [None, Some(2), Some(5)]
  p1: tot seit 660
  p2: tot seit 580
  p3: pos (1136.0, 369.0) vel (0.0, 0.0) hook Idle (1136.0, 369.0) sprung 0 hp 10 rüstung 0 waffe Hammer munition [None, None, None]
  p4: pos (1426.0, 561.0) vel (10.5, 0.0) hook Idle (1415.0, 561.0) sprung 0 hp 10 rüstung 0 waffe Hammer munition [None, None, None]
tick 725: projektile 0 laser 0
  p0: pos (487.0, 446.0) vel (-0.00390625, 8.8984375) hook Idle (487.0, 437.0) sprung 0 hp 8 rüstung 0 waffe Laser munition [None, Some(2), Some(4)]
  p1: tot seit 660
  p2: tot seit 580
  p3: pos (1136.0, 305.0) vel (0.0, -11.6015625) hook Idle (1136.0, 317.0) sprung 0 hp 10 rüstung 0 waffe Hammer munition [None, None, None]
  p4: pos (1437.0, 497.0) vel (-10.5, -11.6015625) hook Idle (1447.0, 509.0) sprung 0 hp 10 rüstung 0 waffe Hammer munition [None, None, None]
tick 750: projektile 0 laser 0
  p0: pos (487.0, 561.0) vel (-0.00390625, 0.0) hook Idle (487.0, 561.0) sprung 0 hp 8 rüstung 0 waffe Laser munition [None, Some(2), Some(3)]
  p1: tot seit 660
  p2: pos (966.0, 561.0) vel (10.5, 0.0) hook Idle (956.0, 561.0) sprung 0 hp 10 rüstung 0 waffe Hammer munition [None, None, None]
  p3: pos (1136.0, 162.0) vel (0.0, -11.5) hook Idle (1136.0, 173.0) sprung 3 hp 10 rüstung 0 waffe Hammer munition [None, None, None]
  p4: pos (1254.0, 351.0) vel (-10.5, -13.6015625) hook Idle (1264.0, 365.0) sprung 1 hp 10 rüstung 0 waffe Hammer munition [None, None, None]
tick 775: projektile 0 laser 0
  p0: pos (487.0, 561.0) vel (-0.00390625, 0.0) hook Idle (487.0, 561.0) sprung 0 hp 8 rüstung 0 waffe Laser munition [None, Some(2), Some(3)]
  p1: tot seit 660
  p2: pos (1236.0, 561.0) vel (10.5, 0.0) hook Idle (1225.0, 561.0) sprung 0 hp 10 rüstung 0 waffe Hammer munition [None, None, None]
  p3: pos (1136.0, 65.0) vel (0.0, 4.0) hook Idle (1136.0, 61.0) sprung 2 hp 10 rüstung 0 waffe Hammer munition [None, None, None]
  p4: pos (1001.0, 170.0) vel (-10.5, -1.1015625) hook Idle (1011.0, 171.0) sprung 0 hp 10 rüstung 0 waffe Hammer munition [None, None, None]
tick 800: projektile 0 laser 0
  p0: pos (487.0, 381.0) vel (-0.00390625, -4.1015625) hook Idle (487.0, 385.0) sprung 0 hp 5 rüstung 0 waffe Grenade munition [None, Some(1), Some(3)]
  p1: tot seit 660
  p2: pos (1511.0, 561.0) vel (10.5, 0.0) hook Idle (1500.0, 561.0) sprung 0 hp 10 rüstung 0 waffe Hammer munition [None, None, None]
  p3: pos (1136.0, 326.0) vel (0.0, 16.5) hook Idle (1136.0, 310.0) sprung 2 hp 10 rüstung 0 waffe Hammer munition [None, None, None]
  p4: pos (751.0, 301.0) vel (-10.5, 11.3984375) hook Idle (761.0, 290.0) sprung 0 hp 10 rüstung 0 waffe Hammer munition [None, None, None]
tick 825: projektile 0 laser 0
  p0: pos (487.0, 437.0) vel (-0.00390625, 8.3984375) hook Idle (487.0, 429.0) sprung 0 hp 5 rüstung 0 waffe Grenade munition [None, Some(0), Some(3)]
  p1: pos (596.0, 561.0) vel (0.00390625, 0.0) hook Idle (596.0, 561.0) sprung 0 hp 9 rüstung 0 waffe Hammer munition [None, None, None]
  p2: pos (1344.0, 561.0) vel (-10.5, 0.0) hook Idle (1355.0, 561.0) sprung 0 hp 10 rüstung 0 waffe Hammer munition [None, None, None]
  p3: pos (1136.0, 369.0) vel (0.0, 0.0) hook Idle (1136.0, 369.0) sprung 0 hp 10 rüstung 0 waffe Hammer munition [None, None, None]
  p4: pos (558.0, 514.0) vel (-5.0, -0.52734375) hook Idle (563.0, 515.0) sprung 0 hp 10 rüstung 0 waffe Hammer munition [None, None, None]
tick 850: projektile 0 laser 0
  p0: pos (446.0, 466.0) vel (-3.1015625, -5.96875) hook Idle (449.0, 472.0) sprung 0 hp 5 rüstung 0 waffe Grenade munition [None, Some(0), Some(3)]
  p1: pos (596.0, 561.0) vel (0.00390625, 0.0) hook Idle (596.0, 561.0) sprung 0 hp 9 rüstung 0 waffe Hammer munition [None, None, None]
  p2: pos (1069.0, 561.0) vel (-10.5, 0.0) hook Idle (1080.0, 561.0) sprung 0 hp 10 rüstung 0 waffe Hammer munition [None, None, None]
  p3: pos (1136.0, 254.0) vel (0.0, -9.1015625) hook Idle (1136.0, 263.0) sprung 0 hp 10 rüstung 0 waffe Hammer munition [None, None, None]
  p4: pos (480.0, 466.0) vel (-5.0, -5.96875) hook Idle (485.0, 472.0) sprung 0 hp 10 rüstung 0 waffe Hammer munition [None, None, None]
tick 875: projektile 0 laser 0
  p0: pos (396.0, 507.0) vel (-0.97265625, 7.5703125) hook Idle (397.0, 499.0) sprung 0 hp 5 rüstung 0 waffe Grenade munition [None, Some(0), Some(3)]
  p1: pos (596.0, 561.0) vel (0.00390625, 0.0) hook Idle (596.0, 561.0) sprung 0 hp 9 rüstung 0 waffe Hammer munition [None, None, None]
  p2: pos (815.0, 561.0) vel (-10.5, 0.0) hook Idle (825.0, 561.0) sprung 0 hp 10 rüstung 0 waffe Hammer munition [None, None, None]
  p3: pos (1136.0, 113.0) vel (0.0, -9.0) hook Idle (1136.0, 122.0) sprung 2 hp 10 rüstung 0 waffe Hammer munition [None, None, None]
  p4: pos (383.0, 349.0) vel (-5.0, -2.7734375) hook Idle (388.0, 352.0) sprung 2 hp 10 rüstung 0 waffe Hammer munition [None, None, None]
tick 900: projektile 0 laser 0
  p0: pos (390.0, 561.0) vel (-0.00390625, 0.0) hook Idle (390.0, 561.0) sprung 0 hp 5 rüstung 0 waffe Grenade munition [None, Some(0), Some(3)]
  p1: pos (587.0, 561.0) vel (-2.2070313, 0.42578125) hook Idle (589.0, 561.0) sprung 0 hp 9 rüstung 0 waffe Hammer munition [None, None, None]
  p2: pos (621.0, 561.0) vel (0.421875, 0.42578125) hook Idle (621.0, 561.0) sprung 0 hp 10 rüstung 0 waffe Hammer munition [None, None, None]
  p3: pos (1136.0, 93.0) vel (0.0, 6.5) hook Idle (1136.0, 86.0) sprung 2 hp 10 rüstung 0 waffe Hammer munition [None, None, None]
  p4: pos (258.0, 443.0) vel (-5.0, 9.7265625) hook Idle (263.0, 433.0) sprung 2 hp 10 rüstung 0 waffe Hammer munition [None, None, None]
tick 925: projektile 0 laser 0
  p0: pos (390.0, 367.0) vel (-0.00390625, -1.6015625) hook Idle (390.0, 369.0) sprung 0 hp 5 rüstung 0 waffe Grenade munition [None, Some(0), Some(3)]
  p1: pos (567.0, 561.0) vel (-2.3242188, 0.42578125) hook Idle (569.0, 561.0) sprung 0 hp 9 rüstung 0 waffe Hammer munition [None, None, None]
  p2: pos (601.0, 561.0) vel (-0.1953125, 0.0) hook Idle (601.0, 561.0) sprung 0 hp 10 rüstung 0 waffe Hammer munition [None, None, None]
  p3: pos (1136.0, 369.0) vel (0.0, 0.0) hook Idle (1136.0, 369.0) sprung 0 hp 10 rüstung 0 waffe Hammer munition [None, None, None]
  p4: pos (62.0, 561.0) vel (-10.5, 0.0) hook Idle (72.0, 561.0) sprung 0 hp 10 rüstung 1 waffe Hammer munition [None, Some(10), Some(10)]
tick 950: projektile 0 laser 0
  p0: pos (390.0, 486.0) vel (-0.00390625, 10.8984375) hook Idle (390.0, 475.0) sprung 0 hp 5 rüstung 0 waffe Grenade munition [None, Some(0), Some(3)]
  p1: pos (545.0, 561.0) vel (-0.65625, 0.0) hook Idle (546.0, 561.0) sprung 0 hp 9 rüstung 0 waffe Hammer munition [None, None, None]
  p2: pos (581.0, 561.0) vel (-1.15625, 0.0) hook Idle (582.0, 561.0) sprung 0 hp 10 rüstung 0 waffe Hammer munition [None, None, None]
  p3: pos (1136.0, 369.0) vel (0.0, 0.0) hook Idle (1136.0, 369.0) sprung 0 hp 10 rüstung 0 waffe Hammer munition [None, None, None]
  p4: pos (259.0, 561.0) vel (10.5, 0.0) hook Idle (248.0, 561.0) sprung 0 hp 10 rüstung 1 waffe Hammer munition [None, Some(10), Some(10)]
tick 975: projektile 0 laser 0
  p0: pos (445.0, 461.0) vel (2.9726563, -2.21875) hook Idle (442.0, 463.0) sprung 0 hp 5 rüstung 0 waffe Grenade munition [None, Some(0), Some(3)]
  p1: pos (523.0, 561.0) vel (-1.4453125, 0.0) hook Idle (524.0, 561.0) sprung 0 hp 9 rüstung 0 waffe Hammer munition [None, None, None]
  p2: pos (560.0, 561.0) vel (2.2109375, 0.42578125) hook Idle (558.0, 561.0) sprung 0 hp 10 rüstung 0 waffe Hammer munition [None, None, None]
  p3: pos (1136.0, 215.0) vel (0.0, -6.6015625) hook Idle (1136.0, 222.0) sprung 0 hp 10 rüstung 0 waffe Hammer munition [None, None, None]
  p4: pos (412.0, 461.0) vel (5.0, -2.21875) hook Idle (407.0, 463.0) sprung 0 hp 10 rüstung 1 waffe Hammer munition [None, Some(10), Some(10)]
tick 1000: projektile 0 laser 0
  p0: pos (467.0, 556.0) vel (-5.0, 3.765625) hook Idle (472.0, 552.0) sprung 0 hp 5 rüstung 0 waffe Grenade munition [None, Some(0), Some(3)]
  p1: pos (505.0, 561.0) vel (2.8320313, 0.0) hook Idle (502.0, 561.0) sprung 0 hp 9 rüstung 0 waffe Hammer munition [None, None, None]
  p2: pos (537.0, 561.0) vel (-1.1757813, 0.0) hook Idle (538.0, 561.0) sprung 0 hp 10 rüstung 0 waffe Hammer munition [None, None, None]
  p3: pos (1136.0, 76.0) vel (0.0, -6.5) hook Idle (1136.0, 83.0) sprung 2 hp 10 rüstung 0 waffe Hammer munition [None, None, None]
  p4: pos (521.0, 338.0) vel (5.0, -0.6171875) hook Idle (516.0, 339.0) sprung 2 hp 10 rüstung 1 waffe Hammer munition [None, Some(10), Some(10)]
tick 1025: projektile 0 laser 0
  p0: pos (478.0, 561.0) vel (1.7304688, 0.0) hook Idle (476.0, 561.0) sprung 0 hp 5 rüstung 0 waffe Hammer munition [None, Some(0), Some(3)]
  p1: pos (502.0, 533.0) vel (0.6640625, -4.3046875) hook Idle (501.0, 537.0) sprung 0 hp 6 rüstung 0 waffe Hammer munition [None, None, None]
  p2: pos (529.0, 561.0) vel (-5.4492188, 0.5) hook Idle (534.0, 561.0) sprung 0 hp 10 rüstung 0 waffe Hammer munition [None, None, None]
  p3: pos (1136.0, 133.0) vel (0.0, 9.0) hook Idle (1136.0, 124.0) sprung 2 hp 10 rüstung 0 waffe Hammer munition [None, None, None]
  p4: pos (646.0, 482.0) vel (5.0, 11.8828125) hook Idle (641.0, 470.0) sprung 2 hp 10 rüstung 1 waffe Hammer munition [None, Some(10), Some(10)]
tick 1050: projektile 0 laser 0
  p0: pos (484.0, 561.0) vel (-2.2109375, 0.0) hook Idle (486.0, 561.0) sprung 0 hp 5 rüstung 0 waffe Hammer munition [None, Some(0), Some(3)]
  p1: pos (533.0, 484.0) vel (2.0429688, -2.40625) hook Idle (531.0, 486.0) sprung 0 hp 3 rüstung 0 waffe Hammer munition [None, None, None]
  p2: pos (517.0, 561.0) vel (3.2070313, 0.42578125) hook Idle (514.0, 561.0) sprung 0 hp 7 rüstung 0 waffe Hammer munition [None, None, None]
  p3: pos (1136.0, 369.0) vel (0.0, 0.0) hook Idle (1136.0, 369.0) sprung 0 hp 10 rüstung 0 waffe Hammer munition [None, None, None]
  p4: pos (862.0, 561.0) vel (10.5, 0.0) hook Idle (852.0, 561.0) sprung 0 hp 10 rüstung 1 waffe Hammer munition [None, Some(10), Some(10)]
tick 1075: projektile 0 laser 0
  p0: pos (584.0, 561.0) vel (10.5, 0.0) hook Idle (574.0, 561.0) sprung 0 hp 5 rüstung 0 waffe Hammer munition [None, Some(0), Some(3)]
  p1: pos (585.0, 525.0) vel (2.2109375, 4.265625) hook Idle (583.0, 521.0) sprung 0 hp 3 rüstung 0 waffe Hammer munition [None, None, None]
  p2: pos (491.0, 510.0) vel (-5.0, -1.3203125) hook Idle (496.0, 511.0) sprung 0 hp 4 rüstung 0 waffe Hammer munition [None, None, None]
  p3: pos (1136.0, 369.0) vel (0.0, 0.0) hook Idle (1136.0, 369.0) sprung 0 hp 10 rüstung 0 waffe Hammer munition [None, None, None]
  p4: pos (1121.0, 561.0) vel (10.5, 0.0) hook Idle (1110.0, 561.0) sprung 0 hp 10 rüstung 1 waffe Hammer munition [None, Some(10), Some(10)]
tick 1100: projektile 0 laser 0
  p0: pos (833.0, 561.0) vel (10.5, 0.0) hook Idle (823.0, 561.0) sprung 0 hp 5 rüstung 0 waffe Hammer munition [None, Some(0), Some(3)]
  p1: pos (587.0, 561.0) vel (0.00390625, 0.0) hook Idle (587.0, 561.0) sprung 0 hp 3 rüstung 0 waffe Hammer munition [None, None, None]
  p2: pos (318.0, 561.0) vel (-10.5, 0.0) hook Idle (329.0, 561.0) sprung 0 hp 4 rüstung 0 waffe Hammer munition [None, None, None]
  p3: pos (1136.0, 189.0) vel (0.0, -4.1015625) hook Idle (1136.0, 193.0) sprung 0 hp 10 rüstung 0 waffe Hammer munition [None, None, None]
  p4: pos (1376.0, 381.0) vel (10.5, -4.1015625) hook Idle (1366.0, 385.0) sprung 0 hp 10 rüstung 1 waffe Hammer munition [None, Some(10), Some(10)]
tick 1125: projektile 0 laser 0
  p0: pos (1089.0, 561.0) vel (10.5, 0.0) hook Idle (1078.0, 561.0) sprung 0 hp 5 rüstung 0 waffe Hammer munition [None, Some(0), Some(3)]
  p1: pos (587.0, 561.0) vel (0.00390625, 0.0) hook Idle (587.0, 561.0) sprung 0 hp 3 rüstung 0 waffe Hammer munition [None, None, None]
  p2: pos (62.0, 561.0) vel (-10.5, 0.0) hook Idle (72.0, 561.0) sprung 0 hp 4 rüstung 0 waffe Hammer munition [None, None, None]
  p3: pos (1136.0, 51.0) vel (0.0, -4.0) hook Idle (1136.0, 55.0) sprung 2 hp 10 rüstung 0 waffe Hammer munition [None, None, None]
  p4: pos (1553.0, 243.0) vel (0.0, -4.0) hook Idle (1553.0, 247.0) sprung 2 hp 10 rüstung 1 waffe Hammer munition [None, Some(10), Some(10)]
tick 1150: projektile 0 laser 0
  p0: pos (1364.0, 561.0) vel (10.5, 0.0) hook Idle (1353.0, 561.0) sprung 0 hp 5 rüstung 0 waffe Hammer munition [None, Some(0), Some(3)]
  p1: pos (587.0, 561.0) vel (0.00390625, 0.0) hook Idle (587.0, 561.0) sprung 0 hp 3 rüstung 0 waffe Hammer munition [None, None, None]
  p2: pos (259.0, 561.0) vel (10.5, 0.0) hook Idle (248.0, 561.0) sprung 0 hp 4 rüstung 0 waffe Hammer munition [None, None, None]
  p3: pos (1136.0, 184.0) vel (0.0, 11.5) hook Idle (1136.0, 173.0) sprung 2 hp 10 rüstung 0 waffe Hammer munition [None, None, None]
  p4: pos (1553.0, 308.0) vel (0.0, 8.5) hook Idle (1553.0, 299.0) sprung 2 hp 10 rüstung 1 waffe Hammer munition [None, Some(10), Some(10)]
tick 1175: projektile 0 laser 0
  p0: pos (1553.0, 561.0) vel (0.0, 0.0) hook Idle (1553.0, 561.0) sprung 0 hp 5 rüstung 0 waffe Hammer munition [None, Some(0), Some(3)]
  p1: pos (587.0, 561.0) vel (0.00390625, 0.0) hook Idle (587.0, 561.0) sprung 0 hp 3 rüstung 0 waffe Hammer munition [None, None, None]
  p2: pos (532.0, 561.0) vel (10.5, 0.0) hook Idle (522.0, 561.0) sprung 0 hp 4 rüstung 0 waffe Hammer munition [None, None, None]
  p3: pos (1136.0, 369.0) vel (0.0, 0.0) hook Idle (1136.0, 369.0) sprung 0 hp 10 rüstung 0 waffe Hammer munition [None, None, None]
  p4: pos (1553.0, 507.0) vel (0.0, 0.78515625) hook Idle (1553.0, 506.0) sprung 2 hp 10 rüstung 1 waffe Hammer munition [None, Some(10), Some(10)]
tick 1200: projektile 0 laser 0
  p0: pos (1553.0, 561.0) vel (0.0, 0.0) hook Idle (1553.0, 561.0) sprung 0 hp 5 rüstung 0 waffe Hammer munition [None, Some(0), Some(3)]
  p1: pos (611.0, 561.0) vel (0.73828125, 0.0) hook Idle (610.0, 561.0) sprung 0 hp 3 rüstung 0 waffe Hammer munition [None, None, None]
  p2: pos (573.0, 561.0) vel (-0.171875, 0.0) hook Idle (573.0, 561.0) sprung 0 hp 4 rüstung 0 waffe Hammer munition [None, None, None]
  p3: pos (1136.0, 369.0) vel (0.0, 0.0) hook Idle (1136.0, 369.0) sprung 0 hp 10 rüstung 0 waffe Hammer munition [None, None, None]
  p4: pos (1553.0, 526.0) vel (0.0, 0.5859375) hook Idle (1553.0, 525.0) sprung 2 hp 10 rüstung 1 waffe Hammer munition [None, Some(10), Some(10)]
tick 1225: projektile 0 laser 0
  p0: pos (1553.0, 561.0) vel (0.0, 0.0) hook Idle (1553.0, 561.0) sprung 0 hp 5 rüstung 0 waffe Hammer munition [None, Some(0), Some(3)]
  p1: pos (631.0, 561.0) vel (0.72265625, 0.0) hook Idle (630.0, 561.0) sprung 0 hp 3 rüstung 0 waffe Hammer munition [None, None, None]
  p2: pos (593.0, 561.0) vel (0.08984375, 0.0) hook Idle (593.0, 561.0) sprung 0 hp 4 rüstung 0 waffe Hammer munition [None, None, None]
  p3: pos (1136.0, 175.0) vel (0.0, -1.6015625) hook Idle (1136.0, 177.0) sprung 0 hp 10 rüstung 0 waffe Hammer munition [None, None, None]
  p4: pos (1553.0, 524.0) vel (0.0, 0.69921875) hook Idle (1553.0, 523.0) sprung 2 hp 10 rüstung 1 waffe Hammer munition [None, Some(10), Some(10)]
tick 1250: projektile 0 laser 0
  p0: pos (1553.0, 561.0) vel (0.0, 0.0) hook Idle (1553.0, 561.0) sprung 0 hp 5 rüstung 0 waffe Hammer munition [None, Some(0), Some(3)]
  p1: pos (654.0, 561.0) vel (2.3789063, 0.42578125) hook Idle (652.0, 561.0) sprung 0 hp 3 rüstung 0 waffe Hammer munition [None, None, None]
  p2: pos (620.0, 561.0) vel (-0.96875, 0.42578125) hook Idle (621.0, 561.0) sprung 0 hp 4 rüstung 0 waffe Hammer munition [None, None, None]
  p3: pos (1136.0, 50.0) vel (0.0, 1.5) hook Idle (1136.0, 48.0) sprung 2 hp 10 rüstung 0 waffe Hammer munition [None, None, None]
  p4: pos (1553.0, 526.0) vel (0.0, 0.58203125) hook Idle (1553.0, 525.0) sprung 2 hp 10 rüstung 1 waffe Hammer munition [None, Some(10), Some(10)]
tick 1275: projektile 0 laser 1
  p0: pos (1317.0, 414.0) vel (-10.5, -7.1015625) hook Idle (1327.0, 421.0) sprung 0 hp 5 rüstung 0 waffe Laser munition [None, Some(0), Some(2)]
  p1: pos (674.0, 561.0) vel (0.36328125, 0.0) hook Idle (674.0, 561.0) sprung 0 hp 3 rüstung 0 waffe Hammer munition [None, None, None]
  p2: pos (638.0, 561.0) vel (2.234375, 0.0) hook Idle (636.0, 561.0) sprung 0 hp 4 rüstung 0 waffe Hammer munition [None, None, None]
  p3: pos (1136.0, 248.0) vel (0.0, 14.0) hook Idle (1136.0, 234.0) sprung 2 hp 10 rüstung 0 waffe Hammer munition [None, None, None]
  p4: pos (1496.0, 561.0) vel (-10.5, 0.0) hook Idle (1507.0, 561.0) sprung 0 hp 6 rüstung 0 waffe Hammer munition [None, Some(10), Some(10)]
tick 1300: projektile 0 laser 0
  p0: pos (1163.0, 369.0) vel (-1.546875, 0.0) hook Idle (1165.0, 369.0) sprung 0 hp 5 rüstung 0 waffe Laser munition [None, Some(0), Some(2)]
  p1: pos (696.0, 561.0) vel (0.5625, 0.0) hook Idle (695.0, 561.0) sprung 0 hp 3 rüstung 0 waffe Hammer munition [None, None, None]
  p2: pos (662.0, 561.0) vel (1.5, 0.0) hook Idle (660.0, 561.0) sprung 0 hp 4 rüstung 0 waffe Hammer munition [None, None, None]
  p3: pos (1132.0, 369.0) vel (-3.6992188, 0.42578125) hook Idle (1136.0, 369.0) sprung 0 hp 10 rüstung 0 waffe Hammer munition [None, None, None]
  p4: pos (1221.0, 561.0) vel (-10.5, 0.0) hook Idle (1232.0, 561.0) sprung 0 hp 6 rüstung 0 waffe Hammer munition [None, Some(10), Some(10)]
tick 1325: projektile 0 laser 0
  p0: pos (1123.0, 369.0) vel (-9.042969, 0.5) hook Idle (1132.0, 369.0) sprung 0 hp 5 rüstung 0 waffe Laser munition [None, Some(0), Some(1)]
  p1: pos (717.0, 561.0) vel (0.18359375, 0.0) hook Idle (717.0, 561.0) sprung 0 hp 3 rüstung 0 waffe Hammer munition [None, None, None]
  p2: pos (685.0, 561.0) vel (4.3203125, 0.5) hook Idle (681.0, 561.0) sprung 0 hp 4 rüstung 0 waffe Hammer munition [None, None, None]
  p3: pos (1110.0, 311.0) vel (-0.9609375, -10.0625) hook Idle (1111.0, 321.0) sprung 0 hp 10 rüstung 0 waffe Hammer munition [None, None, None]
  p4: pos (953.0, 497.0) vel (-10.5, -11.6015625) hook Idle (963.0, 509.0) sprung 0 hp 6 rüstung 0 waffe Hammer munition [None, Some(10), Some(10)]
tick 1350: projektile 0 laser 1
  p0: pos (864.0, 385.0) vel (-10.5, 4.0) hook Idle (874.0, 381.0) sprung 0 hp 5 rüstung 0 waffe Laser munition [None, Some(0), Some(0)]
  p1: pos (737.0, 561.0) vel (0.18359375, 0.0) hook Idle (737.0, 561.0) sprung 0 hp 3 rüstung 0 waffe Hammer munition [None, None, None]
  p2: pos (706.0, 561.0) vel (4.5039063, 0.5) hook Idle (701.0, 561.0) sprung 0 hp 4 rüstung 0 waffe Hammer munition [None, None, None]
  p3: pos (1098.0, 169.0) vel (-0.265625, -10.0) hook Idle (1098.0, 179.0) sprung 2 hp 10 rüstung 0 waffe Hammer munition [None, None, None]
  p4: pos (703.0, 354.0) vel (-10.5, -11.5) hook Idle (713.0, 365.0) sprung 3 hp 6 rüstung 0 waffe Hammer munition [None, Some(10), Some(10)]
tick 1375: projektile 0 laser 0
  p0: pos (614.0, 310.0) vel (-10.5, -3.5) hook Idle (624.0, 313.0) sprung 2 hp 5 rüstung 0 waffe Laser munition [None, Some(0), Some(0)]
  p1: pos (762.0, 561.0) vel (1.1835938, 0.42578125) hook Idle (761.0, 561.0) sprung 0 hp 3 rüstung 0 waffe Hammer munition [None, None, None]
  p2: pos (728.0, 561.0) vel (-0.2890625, 0.42578125) hook Idle (728.0, 561.0) sprung 0 hp 4 rüstung 0 waffe Hammer munition [None, None, None]
  p3: pos (1098.0, 85.0) vel (-0.08203125, 2.5) hook Idle (1098.0, 82.0) sprung 2 hp 10 rüstung 0 waffe Hammer munition [None, None, None]
  p4: pos (447.0, 227.0) vel (-10.5, 1.0) hook Idle (458.0, 226.0) sprung 2 hp 6 rüstung 0 waffe Hammer munition [None, Some(10), Some(10)]
tick 1400: projektile 0 laser 0
  p0: pos (361.0, 387.0) vel (-10.5, 9.0) hook Idle (371.0, 378.0) sprung 2 hp 5 rüstung 0 waffe Laser munition [None, Some(0), Some(0)]
  p1: pos (782.0, 561.0) vel (2.3242188, 0.42578125) hook Idle (780.0, 561.0) sprung 0 hp 3 rüstung 0 waffe Hammer munition [None, None, None]
  p2: pos (748.0, 561.0) vel (0.21484375, 0.0) hook Idle (748.0, 561.0) sprung 0 hp 4 rüstung 0 waffe Hammer munition [None, None, None]
  p3: pos (1098.0, 310.0) vel (-0.03515625, 15.0) hook Idle (1098.0, 295.0) sprung 2 hp 10 rüstung 0 waffe Hammer munition [None, None, None]
  p4: pos (193.0, 419.0) vel (-10.5, 13.5) hook Idle (203.0, 405.0) sprung 2 hp 6 rüstung 0 waffe Hammer munition [None, Some(10), Some(10)]
tick 1425: projektile 0 laser 0
  p0: pos (136.0, 561.0) vel (5.8554688, 0.0) hook Idle (130.0, 561.0) sprung 0 hp 5 rüstung 0 waffe Laser munition [None, Some(0), Some(0)]
  p1: pos (805.0, 561.0) vel (0.5390625, 0.0) hook Idle (804.0, 561.0) sprung 0 hp 3 rüstung 0 waffe Hammer munition [None, None, None]
  p2: pos (770.0, 561.0) vel (1.6484375, 0.0) hook Idle (768.0, 561.0) sprung 0 hp 4 rüstung 0 waffe Hammer munition [None, None, None]
  p3: pos (1098.0, 369.0) vel (-0.00390625, 0.0) hook Idle (1098.0, 369.0) sprung 0 hp 10 rüstung 0 waffe Hammer munition [None, None, None]
  p4: pos (97.0, 561.0) vel (-5.8554688, 0.0) hook Idle (103.0, 561.0) sprung 0 hp 6 rüstung 0 waffe Hammer munition [None, Some(10), Some(10)]
tick 1450: projektile 0 laser 0
  p0: pos (62.0, 561.0) vel (-10.5, 0.0) hook Idle (72.0, 561.0) sprung 0 hp 5 rüstung 0 waffe Laser munition [None, Some(0), Some(0)]
  p1: pos (826.0, 561.0) vel (1.4453125, 0.0) hook Idle (825.0, 561.0) sprung 0 hp 3 rüstung 0 waffe Hammer munition [None, None, None]
  p2: pos (789.0, 561.0) vel (-2.1640625, 0.42578125) hook Idle (791.0, 561.0) sprung 0 hp 4 rüstung 0 waffe Hammer munition [None, None, None]
  p3: pos (1098.0, 254.0) vel (-0.00390625, -9.1015625) hook Idle (1098.0, 263.0) sprung 0 hp 10 rüstung 0 waffe Hammer munition [None, None, None]
  p4: pos (138.0, 446.0) vel (5.0, -9.1015625) hook Idle (133.0, 455.0) sprung 0 hp 6 rüstung 0 waffe Hammer munition [None, Some(10), Some(10)]
tick 1475: projektile 0 laser 0
  p0: pos (46.0, 381.0) vel (0.0, -4.1015625) hook Idle (46.0, 385.0) sprung 0 hp 5 rüstung 0 waffe Laser munition [None, Some(0), Some(0)]
  p1: pos (847.0, 561.0) vel (1.0273438, 0.0) hook Idle (846.0, 561.0) sprung 0 hp 3 rüstung 0 waffe Hammer munition [None, None, None]
  p2: pos (814.0, 561.0) vel (2.6601563, 0.0) hook Idle (811.0, 561.0) sprung 0 hp 4 rüstung 0 waffe Hammer munition [None, None, None]
  p3: pos (1098.0, 113.0) vel (-0.00390625, -9.0) hook Idle (1098.0, 122.0) sprung 2 hp 10 rüstung 0 waffe Hammer munition [None, None, None]
  p4: pos (263.0, 304.0) vel (5.0, -9.0) hook Idle (258.0, 313.0) sprung 2 hp 6 rüstung 0 waffe Hammer munition [None, Some(10), Some(10)]
tick 1500: projektile 0 laser 0
  p0: pos (46.0, 437.0) vel (0.0, 8.3984375) hook Idle (46.0, 429.0) sprung 0 hp 5 rüstung 0 waffe Laser munition [None, Some(0), Some(0)]
  p1: pos (870.0, 561.0) vel (0.72265625, 0.0) hook Idle (869.0, 561.0) sprung 0 hp 3 rüstung 0 waffe Hammer munition [None, None, None]
  p2: pos (832.0, 561.0) vel (-0.078125, 0.0) hook Idle (832.0, 561.0) sprung 0 hp 4 rüstung 0 waffe Hammer munition [None, None, None]
  p3: pos (1098.0, 93.0) vel (-0.00390625, 6.5) hook Idle (1098.0, 86.0) sprung 2 hp 10 rüstung 0 waffe Hammer munition [None, None, None]
  p4: pos (388.0, 244.0) vel (5.0, 3.5) hook Idle (383.0, 240.0) sprung 2 hp 6 rüstung 0 waffe Hammer munition [None, Some(10), Some(10)]
tick 1525: projektile 0 laser 0
  p0: pos (46.0, 561.0) vel (0.0, 0.0) hook Retracted (428.0, 551.0) sprung 0 hp 5 rüstung 0 waffe Grenade munition [None, Some(0), Some(0)]
  p1: pos (890.0, 561.0) vel (0.72265625, 0.0) hook Idle (889.0, 561.0) sprung 0 hp 3 rüstung 0 waffe Hammer munition [None, None, None]
  p2: pos (852.0, 561.0) vel (0.10546875, 0.0) hook Idle (852.0, 561.0) sprung 0 hp 4 rüstung 0 waffe Hammer munition [None, None, None]
  p3: pos (1098.0, 369.0) vel (-0.00390625, 0.0) hook Idle (1098.0, 369.0) sprung 0 hp 10 rüstung 0 waffe Hammer munition [None, None, None]
  p4: pos (513.0, 496.0) vel (5.0, 16.0) hook Idle (508.0, 480.0) sprung 2 hp 6 rüstung 0 waffe Hammer munition [None, Some(10), Some(10)]
tick 1550: projektile 0 laser 0
  p0: pos (46.0, 561.0) vel (0.0, 0.0) hook Idle (46.0, 561.0) sprung 0 hp 5 rüstung 0 waffe Grenade munition [None, Some(0), Some(0)]
  p1: pos (913.0, 561.0) vel (1.8007813, 0.42578125) hook Idle (911.0, 561.0) sprung 0 hp 3 rüstung 0 waffe Hammer munition [None, None, None]
  p2: pos (878.0, 561.0) vel (0.94921875, 0.42578125) hook Idle (877.0, 561.0) sprung 0 hp 4 rüstung 0 waffe Hammer munition [None, None, None]
  p3: pos (1098.0, 369.0) vel (-0.00390625, 0.0) hook Idle (1098.0, 369.0) sprung 0 hp 10 rüstung 0 waffe Hammer munition [None, None, None]
  p4: pos (739.0, 561.0) vel (10.5, 0.0) hook Idle (729.0, 561.0) sprung 0 hp 6 rüstung 0 waffe Hammer munition [None, Some(10), Some(10)]
tick 1575: projektile 0 laser 0
  p0: pos (46.0, 371.0) vel (0.0, -2.6015625) hook Idle (46.0, 374.0) sprung 0 hp 5 rüstung 0 waffe Grenade munition [None, Some(0), Some(0)]
  p1: pos (933.0, 561.0) vel (0.36328125, 0.0) hook Idle (933.0, 561.0) sprung 0 hp 3 rüstung 0 waffe Hammer munition [None, None, None]
  p2: pos (897.0, 561.0) vel (2.265625, 0.0) hook Idle (895.0, 561.0) sprung 0 hp 4 rüstung 0 waffe Hammer munition [None, None, None]
  p3: pos (1098.0, 215.0) vel (-0.00390625, -6.6015625) hook Idle (1098.0, 222.0) sprung 0 hp 10 rüstung 0 waffe Hammer munition [None, None, None]
  p4: pos (989.0, 431.0) vel (10.5, 1.0) hook Idle (979.0, 430.0) sprung 2 hp 6 rüstung 0 waffe Hammer munition [None, Some(10), Some(10)]
tick 1600: projektile 0 laser 0
  p0: pos (46.0, 465.0) vel (0.0, 9.8984375) hook Retracted (423.0, 303.0) sprung 0 hp 5 rüstung 0 waffe Grenade munition [None, Some(0), Some(0)]
  p1: pos (956.0, 561.0) vel (0.90625, 0.0) hook Idle (955.0, 561.0) sprung 0 hp 3 rüstung 0 waffe Hammer munition [None, None, None]
  p2: pos (922.0, 561.0) vel (2.0859375, 0.0) hook Idle (920.0, 561.0) sprung 0 hp 4 rüstung 0 waffe Hammer munition [None, None, None]
  p3: pos (1098.0, 76.0) vel (-0.00390625, -6.5) hook Idle (1098.0, 83.0) sprung 2 hp 10 rüstung 0 waffe Hammer munition [None, None, None]
  p4: pos (1244.0, 561.0) vel (10.5, 0.0) hook Idle (1233.0, 561.0) sprung 0 hp 6 rüstung 0 waffe Hammer munition [None, Some(10), Some(10)]
tick 1625: projektile 0 laser 0
  p0: pos (46.0, 561.0) vel (0.0, 0.0) hook Idle (46.0, 561.0) sprung 0 hp 5 rüstung 0 waffe Grenade munition [None, Some(0), Some(0)]
  p1: pos (976.0, 561.0) vel (0.18359375, 0.0) hook Idle (976.0, 561.0) sprung 0 hp 3 rüstung 0 waffe Hammer munition [None, None, None]
  p2: pos (944.0, 561.0) vel (4.3867188, 0.5) hook Idle (940.0, 561.0) sprung 0 hp 4 rüstung 0 waffe Hammer munition [None, None, None]
  p3: pos (1098.0, 133.0) vel (-0.00390625, 9.0) hook Idle (1098.0, 124.0) sprung 2 hp 10 rüstung 0 waffe Hammer munition [None, None, None]
  p4: pos (1514.0, 497.0) vel (10.5, -11.6015625) hook Idle (1504.0, 509.0) sprung 0 hp 6 rüstung 0 waffe Hammer munition [None, Some(10), Some(10)]
tick 1650: projektile 0 laser 0
  p0: pos (46.0, 547.0) vel (0.0, -13.6015625) hook Idle (46.0, 561.0) sprung 1 hp 5 rüstung 0 waffe Grenade munition [None, Some(0), Some(0)]
  p1: pos (997.0, 561.0) vel (0.1875, 0.0) hook Idle (997.0, 561.0) sprung 0 hp 3 rüstung 0 waffe Hammer munition [None, None, None]
  p2: pos (964.0, 561.0) vel (4.0078125, 0.5) hook Idle (960.0, 561.0) sprung 0 hp 4 rüstung 0 waffe Hammer munition [None, None, None]
  p3: pos (1098.0, 369.0) vel (-0.00390625, 0.0) hook Idle (1098.0, 369.0) sprung 0 hp 10 rüstung 0 waffe Hammer munition [None, None, None]
  p4: pos (1553.0, 353.0) vel (0.0, -11.5) hook Idle (1553.0, 365.0) sprung 3 hp 6 rüstung 0 waffe Hammer munition [None, Some(10), Some(10)]
tick 1675: projektile 0 laser 0
  p0: pos (46.0, 366.0) vel (0.0, -1.1015625) hook Retracted (424.0, 480.0) sprung 0 hp 5 rüstung 0 waffe Grenade munition [None, Some(0), Some(0)]
  p1: pos (1021.0, 561.0) vel (2.3164063, 0.42578125) hook Idle (1019.0, 561.0) sprung 0 hp 3 rüstung 0 waffe Hammer munition [None, None, None]
  p2: pos (987.0, 561.0) vel (0.01171875, 0.0) hook Idle (987.0, 561.0) sprung 0 hp 4 rüstung 0 waffe Hammer munition [None, None, None]
  p3: pos (1098.0, 369.0) vel (-0.00390625, 0.0) hook Idle (1098.0, 369.0) sprung 0 hp 10 rüstung 0 waffe Hammer munition [None, None, None]
  p4: pos (1553.0, 231.0) vel (0.0, 1.0) hook Idle (1553.0, 230.0) sprung 2 hp 6 rüstung 0 waffe Hammer munition [None, Some(10), Some(10)]
tick 1700: projektile 0 laser 0
  p0: pos (46.0, 497.0) vel (0.0, 11.3984375) hook Idle (46.0, 486.0) sprung 0 hp 5 rüstung 0 waffe Grenade munition [None, Some(0), Some(0)]
  p1: pos (1041.0, 561.0) vel (2.3242188, 0.42578125) hook Idle (1039.0, 561.0) sprung 0 hp 3 rüstung 0 waffe Hammer munition [None, None, None]
  p2: pos (1007.0, 561.0) vel (0.234375, 0.0) hook Idle (1007.0, 561.0) sprung 0 hp 4 rüstung 0 waffe Hammer munition [None, None, None]
  p3: pos (1098.0, 189.0) vel (-0.00390625, -4.1015625) hook Idle (1098.0, 193.0) sprung 0 hp 10 rüstung 0 waffe Hammer munition [None, None, None]
  p4: pos (1553.0, 421.0) vel (0.0, 13.5) hook Idle (1553.0, 407.0) sprung 2 hp 6 rüstung 0 waffe Hammer munition [None, Some(10), Some(10)]
tick 1725: projektile 0 laser 0
  p0: pos (46.0, 561.0) vel (0.0, 0.0) hook Flying (424.0, 516.0) sprung 0 hp 5 rüstung 0 waffe Grenade munition [None, Some(0), Some(0)]
  p1: pos (1064.0, 561.0) vel (0.36328125, 0.0) hook Idle (1064.0, 561.0) sprung 0 hp 3 rüstung 0 waffe Hammer munition [None, None, None]
  p2: pos (1026.0, 561.0) vel (1.6601563, 0.0) hook Idle (1024.0, 561.0) sprung 0 hp 4 rüstung 0 waffe Hammer munition [None, None, None]
  p3: pos (1098.0, 51.0) vel (-0.00390625, -4.0) hook Idle (1098.0, 55.0) sprung 2 hp 10 rüstung 0 waffe Hammer munition [None, None, None]
  p4: pos (1399.0, 561.0) vel (-10.5, 0.0) hook Idle (1410.0, 561.0) sprung 0 hp 6 rüstung 0 waffe Hammer munition [None, Some(10), Some(10)]
tick 1750: projektile 0 laser 0
  p0: pos (46.0, 509.0) vel (0.0, -12.1015625) hook Retracted (424.0, 516.0) sprung 0 hp 5 rüstung 0 waffe Grenade munition [None, Some(0), Some(0)]
  p1: pos (1085.0, 561.0) vel (1.4453125, 0.0) hook Idle (1084.0, 561.0) sprung 0 hp 3 rüstung 0 waffe Hammer munition [None, None, None]
  p2: pos (1048.0, 561.0) vel (-2.1328125, 0.42578125) hook Idle (1050.0, 561.0) sprung 0 hp 4 rüstung 0 waffe Hammer munition [None, None, None]
  p3: pos (1098.0, 184.0) vel (-0.00390625, 11.5) hook Idle (1098.0, 173.0) sprung 2 hp 10 rüstung 0 waffe Hammer munition [None, None, None]
  p4: pos (1134.0, 446.0) vel (-10.5, -9.1015625) hook Idle (1144.0, 455.0) sprung 0 hp 6 rüstung 0 waffe Hammer munition [None, Some(10), Some(10)]
tick 1775: projektile 0 laser 0
  p0: pos (46.0, 365.0) vel (0.0, 0.3984375) hook Idle (46.0, 365.0) sprung 0 hp 5 rüstung 0 waffe Laser munition [None, Some(0), Some(0)]
  p1: pos (1106.0, 561.0) vel (0.328125, 0.0) hook Idle (1106.0, 561.0) sprung 0 hp 3 rüstung 0 waffe Hammer munition [None, None, None]
  p2: pos (1073.0, 561.0) vel (3.3554688, 0.0) hook Idle (1070.0, 561.0) sprung 0 hp 4 rüstung 0 waffe Hammer munition [None, None, None]
  p3: pos (1098.0, 369.0) vel (-0.00390625, 0.0) hook Idle (1098.0, 369.0) sprung 0 hp 10 rüstung 0 waffe Hammer munition [None, None, None]
  p4: pos (878.0, 558.0) vel (-10.5, 11.0) hook Idle (888.0, 547.0) sprung 2 hp 6 rüstung 0 waffe Hammer munition [None, Some(10), Some(10)]
tick 1800: projektile 0 laser 0
  p0: pos (46.0, 534.0) vel (0.0, 12.8984375) hook Retracted (427.0, 402.0) sprung 0 hp 5 rüstung 0 waffe Laser munition [None, Some(0), Some(0)]
  p1: pos (1129.0, 561.0) vel (0.72265625, 0.0) hook Idle (1128.0, 561.0) sprung 0 hp 3 rüstung 0 waffe Hammer munition [None, None, None]
  p2: pos (1091.0, 561.0) vel (-0.01171875, 0.0) hook Idle (1091.0, 561.0) sprung 0 hp 4 rüstung 0 waffe Hammer munition [None, None, None]
  p3: pos (1098.0, 369.0) vel (-0.00390625, 0.0) hook Idle (1098.0, 369.0) sprung 0 hp 10 rüstung 0 waffe Hammer munition [None, None, None]
  p4: pos (628.0, 561.0) vel (-10.5, 0.0) hook Idle (638.0, 561.0) sprung 0 hp 6 rüstung 0 waffe Hammer munition [None, Some(10), Some(10)]
tick 1825: projektile 0 laser 0
  p0: pos (46.0, 561.0) vel (0.0, 0.0) hook Idle (46.0, 561.0) sprung 0 hp 5 rüstung 0 waffe Laser munition [None, Some(0), Some(0)]
  p1: pos (1150.0, 561.0) vel (0.74609375, 0.0) hook Idle (1149.0, 561.0) sprung 0 hp 3 rüstung 0 waffe Hammer munition [None, None, None]
  p2: pos (1111.0, 561.0) vel (-0.390625, 0.0) hook Idle (1111.0, 561.0) sprung 0 hp 4 rüstung 0 waffe Hammer munition [None, None, None]
  p3: pos (1098.0, 175.0) vel (-0.00390625, -1.6015625) hook Idle (1098.0, 177.0) sprung 0 hp 10 rüstung 0 waffe Hammer munition [None, None, None]
  p4: pos (374.0, 367.0) vel (-10.5, -1.6015625) hook Idle (385.0, 369.0) sprung 0 hp 6 rüstung 0 waffe Hammer munition [None, Some(10), Some(10)]
tick 1850: projektile 0 laser 0
  p0: pos (46.0, 475.0) vel (0.0, -10.6015625) hook Idle (46.0, 486.0) sprung 0 hp 5 rüstung 0 waffe Laser munition [None, Some(0), Some(0)]
  p1: pos (1172.0, 561.0) vel (0.37109375, 0.0) hook Idle (1172.0, 561.0) sprung 0 hp 3 rüstung 0 waffe Hammer munition [None, None, None]
  p2: pos (1136.0, 561.0) vel (2.0273438, 0.0) hook Idle (1134.0, 561.0) sprung 0 hp 4 rüstung 0 waffe Hammer munition [None, None, None]
  p3: pos (1098.0, 50.0) vel (-0.00390625, 1.5) hook Idle (1098.0, 48.0) sprung 2 hp 10 rüstung 0 waffe Hammer munition [None, None, None]
  p4: pos (120.0, 227.0) vel (-10.5, -1.5) hook Idle (130.0, 229.0) sprung 2 hp 6 rüstung 0 waffe Hammer munition [None, Some(10), Some(10)]
tick 1875: projektile 0 laser 0
  p0: pos (46.0, 368.0) vel (0.0, 1.4335938) hook Retracted (428.0, 367.0) sprung 0 hp 5 rüstung 0 waffe Laser munition [None, Some(0), Some(0)]
  p1: pos (1192.0, 561.0) vel (0.36328125, 0.0) hook Idle (1192.0, 561.0) sprung 0 hp 3 rüstung 0 waffe Hammer munition [None, None, None]
  p2: pos (1156.0, 561.0) vel (2.2890625, 0.0) hook Idle (1154.0, 561.0) sprung 0 hp 4 rüstung 0 waffe Hammer munition [None, None, None]
  p3: pos (1098.0, 248.0) vel (-0.00390625, 14.0) hook Idle (1098.0, 234.0) sprung 2 hp 10 rüstung 0 waffe Hammer munition [None, None, None]
  p4: pos (46.0, 335.0) vel (0.0, -2.15625) hook Idle (46.0, 337.0) sprung 2 hp 6 rüstung 0 waffe Hammer munition [None, Some(10), Some(10)]
tick 1900: projektile 0 laser 0
  p0: pos (46.0, 561.0) vel (0.0, 0.0) hook Idle (46.0, 548.0) sprung 0 hp 5 rüstung 0 waffe Laser munition [None, Some(0), Some(0)]
  p1: pos (1216.0, 561.0) vel (1.453125, 0.0) hook Idle (1215.0, 561.0) sprung 0 hp 3 rüstung 0 waffe Hammer munition [None, None, None]
  p2: pos (1178.0, 561.0) vel (-2.7382813, 0.0) hook Idle (1181.0, 561.0) sprung 0 hp 4 rüstung 0 waffe Hammer munition [None, None, None]
  p3: pos (1098.0, 369.0) vel (-0.00390625, 0.0) hook Idle (1098.0, 369.0) sprung 0 hp 10 rüstung 0 waffe Hammer munition [None, None, None]
  p4: pos (46.0, 429.0) vel (0.0, 9.910156) hook Idle (46.0, 419.0) sprung 2 hp 6 rüstung 0 waffe Hammer munition [None, Some(10), Some(10)]
tick 1925: projektile 0 laser 0
  p0: pos (46.0, 561.0) vel (0.0, 0.0) hook Idle (46.0, 561.0) sprung 0 hp 5 rüstung 0 waffe Laser munition [None, Some(0), Some(0)]
  p1: pos (1235.0, 561.0) vel (0.18359375, 0.0) hook Idle (1235.0, 561.0) sprung 0 hp 3 rüstung 0 waffe Hammer munition [None, None, None]
  p2: pos (1203.0, 561.0) vel (4.4335938, 0.5) hook Idle (1199.0, 561.0) sprung 0 hp 4 rüstung 0 waffe Hammer munition [None, None, None]
  p3: pos (1098.0, 305.0) vel (-0.00390625, -11.6015625) hook Idle (1098.0, 317.0) sprung 0 hp 10 rüstung 0 waffe Hammer munition [None, None, None]
  p4: pos (46.0, 523.0) vel (0.0, -0.67578125) hook Idle (46.0, 524.0) sprung 2 hp 6 rüstung 0 waffe Hammer munition [None, Some(10), Some(10)]
tick 1950: projektile 0 laser 0
  p0: pos (46.0, 561.0) vel (0.0, 0.0) hook Retracted (428.0, 548.0) sprung 0 hp 5 rüstung 0 waffe Laser munition [None, Some(0), Some(0)]
  p1: pos (1258.0, 561.0) vel (1.3125, 0.42578125) hook Idle (1257.0, 561.0) sprung 0 hp 3 rüstung 0 waffe Hammer munition [None, None, None]
  p2: pos (1222.0, 561.0) vel (-1.0429688, 0.42578125) hook Idle (1223.0, 561.0) sprung 0 hp 4 rüstung 0 waffe Hammer munition [None, None, None]
  p3: pos (1098.0, 162.0) vel (-0.00390625, -11.5) hook Idle (1098.0, 173.0) sprung 3 hp 10 rüstung 0 waffe Hammer munition [None, None, None]
  p4: pos (46.0, 512.0) vel (0.0, 0.86328125) hook Idle (46.0, 511.0) sprung 2 hp 6 rüstung 0 waffe Hammer munition [None, Some(10), Some(10)]
tick 1975: projektile 0 laser 0
  p0: pos (46.0, 561.0) vel (0.0, 0.0) hook Idle (46.0, 561.0) sprung 0 hp 5 rüstung 0 waffe Laser munition [None, Some(0), Some(0)]
  p1: pos (1280.0, 561.0) vel (2.3242188, 0.42578125) hook Idle (1278.0, 561.0) sprung 0 hp 3 rüstung 0 waffe Hammer munition [None, None, None]
  p2: pos (1246.0, 561.0) vel (0.08984375, 0.0) hook Idle (1246.0, 561.0) sprung 0 hp 4 rüstung 0 waffe Hammer munition [None, None, None]
  p3: pos (1098.0, 65.0) vel (-0.00390625, 4.0) hook Idle (1098.0, 61.0) sprung 2 hp 10 rüstung 0 waffe Hammer munition [None, None, None]
  p4: pos (46.0, 527.0) vel (0.0, 1.9726563) hook Idle (46.0, 525.0) sprung 2 hp 6 rüstung 0 waffe Hammer munition [None, Some(10), Some(10)]
tick 2000: projektile 0 laser 0
  p0: pos (46.0, 561.0) vel (0.0, 0.0) hook Idle (46.0, 561.0) sprung 0 hp 5 rüstung 0 waffe Laser munition [None, Some(0), Some(0)]
  p1: pos (1301.0, 561.0) vel (2.5859375, 0.42578125) hook Idle (1298.0, 561.0) sprung 0 hp 3 rüstung 0 waffe Hammer munition [None, None, None]
  p2: pos (1267.0, 561.0) vel (-0.38671875, 0.0) hook Idle (1267.0, 561.0) sprung 0 hp 4 rüstung 0 waffe Hammer munition [None, None, None]
  p3: pos (1098.0, 326.0) vel (-0.00390625, 16.5) hook Idle (1098.0, 310.0) sprung 2 hp 10 rüstung 0 waffe Hammer munition [None, None, None]
  p4: pos (46.0, 525.0) vel (0.0, 1.9960938) hook Idle (46.0, 523.0) sprung 2 hp 6 rüstung 0 waffe Hammer munition [None, Some(10), Some(10)]
tick 2025: projektile 0 laser 0
  p0: pos (46.0, 561.0) vel (0.0, 0.0) hook Retracted (423.0, 503.0) sprung 0 hp 5 rüstung 0 waffe Grenade munition [None, Some(0), Some(0)]
  p1: pos (1324.0, 561.0) vel (1.4726563, 0.0) hook Idle (1323.0, 561.0) sprung 0 hp 3 rüstung 0 waffe Hammer munition [None, None, None]
  p2: pos (1287.0, 561.0) vel (-2.3710938, 0.0) hook Idle (1289.0, 561.0) sprung 0 hp 4 rüstung 0 waffe Hammer munition [None, None, None]
  p3: pos (1098.0, 369.0) vel (-0.00390625, 0.0) hook Idle (1098.0, 369.0) sprung 0 hp 10 rüstung 0 waffe Hammer munition [None, None, None]
  p4: pos (46.0, 527.0) vel (0.0, 1.921875) hook Idle (46.0, 525.0) sprung 2 hp 6 rüstung 0 waffe Hammer munition [None, Some(10), Some(10)]
tick 2050: projektile 0 laser 0
  p0: pos (46.0, 561.0) vel (0.0, 0.0) hook Idle (46.0, 561.0) sprung 0 hp 5 rüstung 0 waffe Grenade munition [None, Some(0), Some(0)]
  p1: pos (1344.0, 561.0) vel (1.4453125, 0.0) hook Idle (1343.0, 561.0) sprung 0 hp 3 rüstung 0 waffe Hammer munition [None, None, None]
  p2: pos (1307.0, 561.0) vel (-2.109375, 0.42578125) hook Idle (1309.0, 561.0) sprung 0 hp 4 rüstung 0 waffe Hammer munition [None, None, None]
  p3: pos (1098.0, 254.0) vel (-0.00390625, -9.1015625) hook Idle (1098.0, 263.0) sprung 0 hp 10 rüstung 0 waffe Hammer munition [None, None, None]
  p4: pos (46.0, 504.0) vel (0.0, 1.1367188) hook Idle (46.0, 503.0) sprung 2 hp 6 rüstung 0 waffe Hammer munition [None, Some(10), Some(10)]
tick 2075: projektile 0 laser 0
  p0: pos (46.0, 561.0) vel (0.0, 0.0) hook Flying (424.0, 511.0) sprung 0 hp 5 rüstung 0 waffe Grenade munition [None, Some(0), Some(0)]
  p1: pos (1366.0, 561.0) vel (0.26953125, 0.0) hook Idle (1366.0, 561.0) sprung 0 hp 3 rüstung 0 waffe Hammer munition [None, None, None]
  p2: pos (1335.0, 561.0) vel (3.8476563, 0.0) hook Idle (1331.0, 561.0) sprung 0 hp 4 rüstung 0 waffe Hammer munition [None, None, None]
  p3: pos (1098.0, 113.0) vel (-0.00390625, -9.0) hook Idle (1098.0, 122.0) sprung 2 hp 10 rüstung 0 waffe Hammer munition [None, None, None]
  p4: pos (46.0, 525.0) vel (0.0, 1.3398438) hook Idle (46.0, 524.0) sprung 2 hp 6 rüstung 0 waffe Hammer munition [None, Some(10), Some(10)]
tick 2100: projektile 0 laser 0
  p0: pos (46.0, 561.0) vel (0.0, 0.0) hook Retracted (424.0, 511.0) sprung 0 hp 5 rüstung 0 waffe Grenade munition [None, Some(0), Some(0)]
  p1: pos (1388.0, 561.0) vel (0.72265625, 0.0) hook Idle (1387.0, 561.0) sprung 0 hp 3 rüstung 0 waffe Hammer munition [None, None, None]
  p2: pos (1350.0, 561.0) vel (0.03515625, 0.0) hook Idle (1350.0, 561.0) sprung 0 hp 4 rüstung 0 waffe Hammer munition [None, None, None]
  p3: pos (1098.0, 93.0) vel (-0.00390625, 6.5) hook Idle (1098.0, 86.0) sprung 2 hp 10 rüstung 0 waffe Hammer munition [None, None, None]
  p4: pos (46.0, 523.0) vel (0.0, 1.4726563) hook Idle (46.0, 522.0) sprung 2 hp 6 rüstung 0 waffe Hammer munition [None, Some(10), Some(10)]
tick 2125: projektile 0 laser 0
  p0: pos (46.0, 561.0) vel (0.0, 0.0) hook Idle (46.0, 561.0) sprung 0 hp 5 rüstung 0 waffe Grenade munition [None, Some(0), Some(0)]
  p1: pos (1409.0, 561.0) vel (1.125, 0.42578125) hook Idle (1408.0, 561.0) sprung 0 hp 3 rüstung 0 waffe Hammer munition [None, None, None]
  p2: pos (1374.0, 561.0) vel (-0.69921875, 0.42578125) hook Idle (1375.0, 561.0) sprung 0 hp 4 rüstung 0 waffe Hammer munition [None, None, None]
  p3: pos (1098.0, 369.0) vel (-0.00390625, 0.0) hook Idle (1098.0, 369.0) sprung 0 hp 10 rüstung 0 waffe Hammer munition [None, None, None]
  p4: pos (46.0, 525.0) vel (0.0, 1.421875) hook Idle (46.0, 524.0) sprung 2 hp 6 rüstung 0 waffe Hammer munition [None, Some(10), Some(10)]
tick 2150: projektile 0 laser 0
  p0: pos (46.0, 561.0) vel (0.0, 0.0) hook Retracted (424.0, 520.0) sprung 0 hp 5 rüstung 0 waffe Grenade munition [None, Some(0), Some(0)]
  p1: pos (1431.0, 561.0) vel (0.36328125, 0.0) hook Idle (1431.0, 561.0) sprung 0 hp 3 rüstung 0 waffe Hammer munition [None, None, None]
  p2: pos (1395.0, 561.0) vel (2.1210938, 0.0) hook Idle (1393.0, 561.0) sprung 0 hp 4 rüstung 0 waffe Hammer munition [None, None, None]
  p3: pos (1098.0, 369.0) vel (-0.00390625, 0.0) hook Idle (1098.0, 369.0) sprung 0 hp 10 rüstung 0 waffe Hammer munition [None, None, None]
  p4: pos (46.0, 525.0) vel (0.0, -1.9414063) hook Idle (46.0, 527.0) sprung 2 hp 6 rüstung 0 waffe Hammer munition [None, Some(10), Some(10)]
tick 2175: projektile 0 laser 0
  p0: pos (46.0, 561.0) vel (0.0, 0.0) hook Idle (46.0, 561.0) sprung 0 hp 5 rüstung 0 waffe Grenade munition [None, Some(0), Some(0)]
  p1: pos (1451.0, 561.0) vel (0.36328125, 0.0) hook Idle (1451.0, 561.0) sprung 0 hp 3 rüstung 0 waffe Hammer munition [None, None, None]
  p2: pos (1415.0, 561.0) vel (2.3046875, 0.0) hook Idle (1413.0, 561.0) sprung 0 hp 4 rüstung 0 waffe Hammer munition [None, None, None]
  p3: pos (1098.0, 215.0) vel (-0.00390625, -6.6015625) hook Idle (1098.0, 222.0) sprung 0 hp 10 rüstung 0 waffe Hammer munition [None, None, None]
  p4: pos (46.0, 523.0) vel (0.0, -1.7382813) hook Idle (46.0, 525.0) sprung 2 hp 6 rüstung 0 waffe Hammer munition [None, Some(10), Some(10)]
tick 2200: projektile 0 laser 0
  p0: pos (46.0, 561.0) vel (0.0, 0.42578125) hook Idle (46.0, 561.0) sprung 0 hp 5 rüstung 0 waffe Grenade munition [None, Some(0), Some(0)]
  p1: pos (1475.0, 561.0) vel (0.90234375, 0.0) hook Idle (1474.0, 561.0) sprung 0 hp 3 rüstung 0 waffe Hammer munition [None, None, None]
  p2: pos (1442.0, 561.0) vel (3.1484375, 0.0) hook Idle (1439.0, 561.0) sprung 0 hp 4 rüstung 0 waffe Hammer munition [None, None, None]
  p3: pos (1098.0, 76.0) vel (-0.00390625, -6.5) hook Idle (1098.0, 83.0) sprung 2 hp 10 rüstung 0 waffe Hammer munition [None, None, None]
  p4: pos (46.0, 525.0) vel (0.0, -1.9375) hook Idle (46.0, 527.0) sprung 2 hp 6 rüstung 0 waffe Hammer munition [None, Some(10), Some(10)]
tick 2225: projektile 0 laser 0
  p0: pos (46.0, 561.0) vel (0.0, 0.0) hook Retracted (428.0, 529.0) sprung 0 hp 5 rüstung 0 waffe Grenade munition [None, Some(0), Some(0)]
  p1: pos (1494.0, 561.0) vel (0.18359375, 0.0) hook Idle (1494.0, 561.0) sprung 0 hp 3 rüstung 0 waffe Hammer munition [None, None, None]
  p2: pos (1462.0, 561.0) vel (4.4648438, 0.5) hook Idle (1458.0, 561.0) sprung 0 hp 4 rüstung 0 waffe Hammer munition [None, None, None]
  p3: pos (1098.0, 133.0) vel (-0.00390625, 9.0) hook Idle (1098.0, 124.0) sprung 2 hp 10 rüstung 0 waffe Hammer munition [None, None, None]
  p4: pos (46.0, 523.0) vel (0.0, -1.7382813) hook Idle (46.0, 525.0) sprung 2 hp 6 rüstung 0 waffe Hammer munition [None, Some(10), Some(10)]
tick 2250: projektile 0 laser 0
  p0: pos (46.0, 561.0) vel (0.0, 0.0) hook Idle (46.0, 561.0) sprung 0 hp 5 rüstung 0 waffe Grenade munition [None, Some(0), Some(0)]
  p1: pos (1518.0, 561.0) vel (1.078125, 0.42578125) hook Idle (1517.0, 561.0) sprung 0 hp 3 rüstung 0 waffe Hammer munition [None, None, None]
  p2: pos (1482.0, 561.0) vel (-0.55078125, 0.42578125) hook Idle (1483.0, 561.0) sprung 0 hp 4 rüstung 0 waffe Hammer munition [None, None, None]
  p3: pos (1098.0, 369.0) vel (-0.00390625, 0.0) hook Idle (1098.0, 369.0) sprung 0 hp 10 rüstung 0 waffe Hammer munition [None, None, None]
  p4: pos (46.0, 514.0) vel (0.0, 3.7382813) hook Idle (46.0, 510.0) sprung 2 hp 6 rüstung 0 waffe Hammer munition [None, Some(10), Some(10)]
tick 2275: projektile 0 laser 0
  p0: pos (46.0, 561.0) vel (0.0, 0.0) hook Idle (46.0, 561.0) sprung 0 hp 5 rüstung 0 waffe Laser munition [None, Some(0), Some(0)]
  p1: pos (1539.0, 561.0) vel (2.3242188, 0.42578125) hook Idle (1537.0, 561.0) sprung 0 hp 3 rüstung 0 waffe Hammer munition [None, None, None]
  p2: pos (1505.0, 561.0) vel (0.1484375, 0.0) hook Idle (1505.0, 561.0) sprung 0 hp 4 rüstung 0 waffe Hammer munition [None, None, None]
  p3: pos (1098.0, 369.0) vel (-0.00390625, 0.0) hook Idle (1098.0, 369.0) sprung 0 hp 10 rüstung 0 waffe Hammer munition [None, None, None]
  p4: pos (46.0, 525.0) vel (0.0, -2.5390625) hook Idle (46.0, 528.0) sprung 2 hp 6 rüstung 0 waffe Hammer munition [None, Some(10), Some(10)]
tick 2300: projektile 0 laser 0
  p0: pos (46.0, 561.0) vel (0.0, 0.0) hook Retracted (428.0, 538.0) sprung 0 hp 5 rüstung 0 waffe Laser munition [None, Some(0), Some(0)]
  p1: pos (1553.0, 561.0) vel (0.0, 0.0) hook Idle (1553.0, 561.0) sprung 0 hp 3 rüstung 0 waffe Hammer munition [None, None, None]
  p2: pos (1522.0, 561.0) vel (4.328125, 0.5) hook Idle (1518.0, 561.0) sprung 0 hp 4 rüstung 0 waffe Hammer munition [None, None, None]
  p3: pos (1098.0, 189.0) vel (-0.00390625, -4.1015625) hook Idle (1098.0, 193.0) sprung 0 hp 10 rüstung 0 waffe Hammer munition [None, None, None]
  p4: pos (46.0, 522.0) vel (0.0, 0.0546875) hook Idle (46.0, 522.0) sprung 2 hp 6 rüstung 0 waffe Hammer munition [None, Some(10), Some(10)]
tick 2325: projektile 0 laser 0
  p0: pos (46.0, 561.0) vel (0.0, 0.0) hook Idle (46.0, 561.0) sprung 0 hp 5 rüstung 0 waffe Laser munition [None, Some(0), Some(0)]
  p1: pos (1553.0, 561.0) vel (0.0, 0.0) hook Idle (1553.0, 561.0) sprung 0 hp 3 rüstung 0 waffe Hammer munition [None, None, None]
  p2: pos (1516.0, 561.0) vel (-0.62890625, 0.0) hook Idle (1517.0, 561.0) sprung 0 hp 4 rüstung 0 waffe Hammer munition [None, None, None]
  p3: pos (1098.0, 51.0) vel (-0.00390625, -4.0) hook Idle (1098.0, 55.0) sprung 2 hp 10 rüstung 0 waffe Hammer munition [None, None, None]
  p4: pos (46.0, 526.0) vel (0.0, -2.15625) hook Idle (46.0, 528.0) sprung 2 hp 6 rüstung 0 waffe Hammer munition [None, Some(10), Some(10)]
tick 2350: projektile 0 laser 0
  p0: pos (46.0, 561.0) vel (0.0, 0.0) hook Idle (46.0, 561.0) sprung 0 hp 5 rüstung 0 waffe Laser munition [None, Some(0), Some(0)]
  p1: pos (1553.0, 561.0) vel (0.0, 0.0) hook Idle (1553.0, 561.0) sprung 0 hp 3 rüstung 0 waffe Hammer munition [None, None, None]
  p2: pos (1516.0, 561.0) vel (-0.46875, 0.0) hook Idle (1516.0, 561.0) sprung 0 hp 4 rüstung 0 waffe Hammer munition [None, None, None]
  p3: pos (1098.0, 184.0) vel (-0.00390625, 11.5) hook Idle (1098.0, 173.0) sprung 2 hp 10 rüstung 0 waffe Hammer munition [None, None, None]
  p4: pos (46.0, 529.0) vel (0.0, -1.6445313) hook Idle (46.0, 531.0) sprung 2 hp 6 rüstung 0 waffe Hammer munition [None, Some(10), Some(10)]
tick 2375: projektile 0 laser 0
  p0: pos (46.0, 561.0) vel (0.0, 0.0) hook Retracted (428.0, 548.0) sprung 0 hp 5 rüstung 0 waffe Laser munition [None, Some(0), Some(0)]
  p1: pos (1553.0, 561.0) vel (0.0, 0.0) hook Idle (1553.0, 561.0) sprung 0 hp 3 rüstung 0 waffe Hammer munition [None, None, None]
  p2: pos (1516.0, 561.0) vel (-0.46484375, 0.0) hook Idle (1516.0, 561.0) sprung 0 hp 4 rüstung 0 waffe Hammer munition [None, None, None]
  p3: pos (1098.0, 369.0) vel (-0.00390625, 0.0) hook Idle (1098.0, 369.0) sprung 0 hp 10 rüstung 0 waffe Hammer munition [None, None, None]
  p4: pos (46.0, 527.0) vel (0.0, 1.0625) hook Idle (46.0, 526.0) sprung 2 hp 6 rüstung 0 waffe Hammer munition [None, Some(10), Some(10)]
tick 2400: projektile 0 laser 0
  p0: pos (46.0, 561.0) vel (0.0, 0.0) hook Idle (46.0, 561.0) sprung 0 hp 5 rüstung 0 waffe Laser munition [None, Some(0), Some(0)]
  p1: pos (1553.0, 561.0) vel (0.0, 0.0) hook Idle (1553.0, 561.0) sprung 0 hp 3 rüstung 0 waffe Hammer munition [None, None, None]
  p2: pos (1516.0, 561.0) vel (-0.46484375, 0.0) hook Idle (1516.0, 561.0) sprung 0 hp 4 rüstung 0 waffe Hammer munition [None, None, None]
  p3: pos (1098.0, 369.0) vel (-0.00390625, 0.0) hook Idle (1098.0, 369.0) sprung 0 hp 10 rüstung 0 waffe Hammer munition [None, None, None]
  p4: pos (46.0, 525.0) vel (0.0, 1.1953125) hook Idle (46.0, 524.0) sprung 2 hp 6 rüstung 0 waffe Hammer munition [None, Some(10), Some(10)]
tick 2425: projektile 0 laser 0
  p0: pos (46.0, 561.0) vel (0.0, 0.0) hook Flying (423.0, 493.0) sprung 0 hp 5 rüstung 0 waffe Laser munition [None, Some(0), Some(0)]
  p1: pos (1553.0, 561.0) vel (0.0, 0.0) hook Idle (1553.0, 561.0) sprung 0 hp 3 rüstung 0 waffe Hammer munition [None, None, None]
  p2: pos (1516.0, 561.0) vel (-0.46484375, 0.0) hook Idle (1516.0, 561.0) sprung 0 hp 4 rüstung 0 waffe Hammer munition [None, None, None]
  p3: pos (1098.0, 175.0) vel (-0.00390625, -1.6015625) hook Idle (1098.0, 177.0) sprung 0 hp 10 rüstung 0 waffe Hammer munition [None, None, None]
  p4: pos (46.0, 527.0) vel (0.0, 1.0820313) hook Idle (46.0, 526.0) sprung 2 hp 6 rüstung 0 waffe Hammer munition [None, Some(10), Some(10)]
tick 2450: projektile 0 laser 0
  p0: pos (46.0, 561.0) vel (0.0, 0.0) hook Retracted (423.0, 493.0) sprung 0 hp 5 rüstung 0 waffe Laser munition [None, Some(0), Some(0)]
  p1: pos (1553.0, 561.0) vel (0.0, 0.0) hook Idle (1553.0, 561.0) sprung 0 hp 3 rüstung 0 waffe Hammer munition [None, None, None]
  p2: pos (1516.0, 561.0) vel (-0.46484375, 0.0) hook Idle (1516.0, 561.0) sprung 0 hp 4 rüstung 0 waffe Hammer munition [None, None, None]
  p3: pos (1098.0, 50.0) vel (-0.00390625, 1.5) hook Idle (1098.0, 48.0) sprung 2 hp 10 rüstung 0 waffe Hammer munition [None, None, None]
  p4: pos (46.0, 523.0) vel (0.0, -1.515625) hook Idle (46.0, 525.0) sprung 2 hp 6 rüstung 0 waffe Hammer munition [None, Some(10), Some(10)]
tick 2475: projektile 0 laser 0
  p0: pos (46.0, 561.0) vel (0.0, 0.0) hook Idle (46.0, 561.0) sprung 0 hp 5 rüstung 0 waffe Laser munition [None, Some(0), Some(0)]
  p1: pos (1553.0, 561.0) vel (0.0, 0.0) hook Idle (1553.0, 561.0) sprung 0 hp 3 rüstung 0 waffe Hammer munition [None, None, None]
  p2: pos (1516.0, 561.0) vel (-0.46484375, 0.0) hook Idle (1516.0, 561.0) sprung 0 hp 4 rüstung 0 waffe Hammer munition [None, None, None]
  p3: pos (1098.0, 248.0) vel (-0.00390625, 14.0) hook Idle (1098.0, 234.0) sprung 2 hp 10 rüstung 0 waffe Hammer munition [None, None, None]
  p4: pos (46.0, 525.0) vel (0.0, -1.578125) hook Idle (46.0, 527.0) sprung 2 hp 6 rüstung 0 waffe Hammer munition [None, Some(10), Some(10)]
tick 2500: projektile 0 laser 0
  p0: pos (46.0, 561.0) vel (0.0, 0.0) hook Retracted (423.0, 502.0) sprung 0 hp 5 rüstung 0 waffe Laser munition [None, Some(0), Some(0)]
  p1: pos (1553.0, 561.0) vel (0.0, 0.0) hook Idle (1553.0, 561.0) sprung 0 hp 3 rüstung 0 waffe Hammer munition [None, None, None]
  p2: pos (1516.0, 561.0) vel (-0.46484375, 0.0) hook Idle (1516.0, 561.0) sprung 0 hp 4 rüstung 0 waffe Hammer munition [None, None, None]
  p3: pos (1098.0, 369.0) vel (-0.00390625, 0.0) hook Idle (1098.0, 369.0) sprung 0 hp 10 rüstung 0 waffe Hammer munition [None, None, None]
  p4: pos (46.0, 523.0) vel (0.0, -1.5117188) hook Idle (46.0, 525.0) sprung 2 hp 6 rüstung 0 waffe Hammer munition [None, Some(10), Some(10)]
tick 2525: projektile 0 laser 0
  p0: pos (46.0, 554.0) vel (0.0, 2.6289063) hook Idle (46.0, 551.0) sprung 1 hp 5 rüstung 0 waffe Grenade munition [None, Some(0), Some(0)]
  p1: pos (1553.0, 561.0) vel (0.0, 0.0) hook Idle (1553.0, 561.0) sprung 0 hp 3 rüstung 0 waffe Hammer munition [None, None, None]
  p2: pos (1516.0, 561.0) vel (-0.46484375, 0.0) hook Idle (1516.0, 561.0) sprung 0 hp 4 rüstung 0 waffe Hammer munition [None, None, None]
  p3: pos (1098.0, 305.0) vel (-0.00390625, -11.6015625) hook Idle (1098.0, 317.0) sprung 0 hp 10 rüstung 0 waffe Hammer munition [None, None, None]
  p4: pos (46.0, 514.0) vel (0.0, -4.2617188) hook Idle (46.0, 518.0) sprung 2 hp 6 rüstung 0 waffe Hammer munition [None, Some(10), Some(10)]
tick 2550: projektile 0 laser 0
  p0: pos (46.0, 561.0) vel (0.0, 0.0) hook Idle (46.0, 561.0) sprung 0 hp 5 rüstung 0 waffe Grenade munition [None, Some(0), Some(0)]
  p1: pos (1553.0, 561.0) vel (0.0, 0.0) hook Idle (1553.0, 561.0) sprung 0 hp 3 rüstung 0 waffe Hammer munition [None, None, None]
  p2: pos (1516.0, 561.0) vel (-0.46484375, 0.0) hook Idle (1516.0, 561.0) sprung 0 hp 4 rüstung 0 waffe Hammer munition [None, None, None]
  p3: pos (1098.0, 162.0) vel (-0.00390625, -11.5) hook Idle (1098.0, 173.0) sprung 3 hp 10 rüstung 0 waffe Hammer munition [None, None, None]
  p4: pos (46.0, 519.0) vel (0.0, -0.76953125) hook Idle (46.0, 520.0) sprung 2 hp 6 rüstung 0 waffe Hammer munition [None, Some(10), Some(10)]
tick 2575: projektile 0 laser 0
  p0: pos (46.0, 561.0) vel (0.0, 0.0) hook Retracted (427.0, 521.0) sprung 0 hp 5 rüstung 0 waffe Grenade munition [None, Some(0), Some(0)]
  p1: pos (1553.0, 561.0) vel (0.0, 0.0) hook Idle (1553.0, 561.0) sprung 0 hp 3 rüstung 0 waffe Hammer munition [None, None, None]
  p2: pos (1516.0, 561.0) vel (-0.46484375, 0.0) hook Idle (1516.0, 561.0) sprung 0 hp 4 rüstung 0 waffe Hammer munition [None, None, None]
  p3: pos (1098.0, 65.0) vel (-0.00390625, 4.0) hook Idle (1098.0, 61.0) sprung 2 hp 10 rüstung 0 waffe Hammer munition [None, None, None]
  p4: pos (46.0, 523.0) vel (0.0, 1.9609375) hook Idle (46.0, 521.0) sprung 2 hp 6 rüstung 0 waffe Hammer munition [None, Some(10), Some(10)]
tick 2600: projektile 0 laser 0
  p0: pos (46.0, 561.0) vel (0.0, 0.0) hook Idle (46.0, 561.0) sprung 0 hp 5 rüstung 0 waffe Grenade munition [None, Some(0), Some(0)]
  p1: pos (1553.0, 561.0) vel (0.0, 0.0) hook Idle (1553.0, 561.0) sprung 0 hp 3 rüstung 0 waffe Hammer munition [None, None, None]
  p2: pos (1516.0, 561.0) vel (-0.46484375, 0.0) hook Idle (1516.0, 561.0) sprung 0 hp 4 rüstung 0 waffe Hammer munition [None, None, None]
  p3: pos (1098.0, 326.0) vel (-0.00390625, 16.5) hook Idle (1098.0, 310.0) sprung 2 hp 10 rüstung 0 waffe Hammer munition [None, None, None]
  p4: pos (46.0, 522.0) vel (0.0, -0.3046875) hook Idle (46.0, 522.0) sprung 2 hp 6 rüstung 0 waffe Hammer munition [None, Some(10), Some(10)]
tick 2625: projektile 0 laser 0
  p0: pos (46.0, 561.0) vel (0.0, 0.0) hook Idle (46.0, 560.0) sprung 0 hp 5 rüstung 0 waffe Grenade munition [None, Some(0), Some(0)]
  p1: pos (1553.0, 561.0) vel (0.0, 0.0) hook Idle (1553.0, 561.0) sprung 0 hp 3 rüstung 0 waffe Hammer munition [None, None, None]
  p2: pos (1516.0, 561.0) vel (-0.46484375, 0.0) hook Idle (1516.0, 561.0) sprung 0 hp 4 rüstung 0 waffe Hammer munition [None, None, None]
  p3: pos (1098.0, 369.0) vel (-0.00390625, 0.0) hook Idle (1098.0, 369.0) sprung 0 hp 10 rüstung 0 waffe Hammer munition [None, None, None]
  p4: pos (46.0, 505.0) vel (0.0, -2.125) hook Idle (46.0, 507.0) sprung 2 hp 6 rüstung 0 waffe Hammer munition [None, Some(10), Some(10)]
tick 2650: projektile 0 laser 0
  p0: pos (46.0, 561.0) vel (0.0, 0.0) hook Retracted (428.0, 530.0) sprung 0 hp 5 rüstung 0 waffe Grenade munition [None, Some(0), Some(0)]
  p1: pos (1553.0, 561.0) vel (0.0, 0.0) hook Idle (1553.0, 561.0) sprung 0 hp 3 rüstung 0 waffe Hammer munition [None, None, None]
  p2: pos (1516.0, 561.0) vel (-0.46484375, 0.0) hook Idle (1516.0, 561.0) sprung 0 hp 4 rüstung 0 waffe Hammer munition [None, None, None]
  p3: pos (1098.0, 254.0) vel (-0.00390625, -9.1015625) hook Idle (1098.0, 263.0) sprung 0 hp 10 rüstung 0 waffe Hammer munition [None, None, None]
  p4: pos (46.0, 527.0) vel (0.0, 1.515625) hook Idle (46.0, 525.0) sprung 2 hp 6 rüstung 0 waffe Hammer munition [None, Some(10), Some(10)]
tick 2675: projektile 0 laser 0
  p0: pos (46.0, 561.0) vel (0.0, 0.0) hook Idle (46.0, 561.0) sprung 0 hp 5 rüstung 0 waffe Grenade munition [None, Some(0), Some(0)]
  p1: pos (1553.0, 561.0) vel (0.0, 0.0) hook Idle (1553.0, 561.0) sprung 0 hp 3 rüstung 0 waffe Hammer munition [None, None, None]
  p2: pos (1516.0, 561.0) vel (-0.46484375, 0.0) hook Idle (1516.0, 561.0) sprung 0 hp 4 rüstung 0 waffe Hammer munition [None, None, None]
  p3: pos (1098.0, 113.0) vel (-0.00390625, -9.0) hook Idle (1098.0, 122.0) sprung 2 hp 10 rüstung 0 waffe Hammer munition [None, None, None]
  p4: pos (46.0, 525.0) vel (0.0, 1.7539063) hook Idle (46.0, 523.0) sprung 2 hp 6 rüstung 0 waffe Hammer munition [None, Some(10), Some(10)]
tick 2700: projektile 0 laser 0
  p0: pos (46.0, 561.0) vel (0.0, 0.0) hook Idle (46.0, 561.0) sprung 0 hp 5 rüstung 0 waffe Grenade munition [None, Some(0), Some(0)]
  p1: pos (1553.0, 561.0) vel (0.0, 0.0) hook Idle (1553.0, 561.0) sprung 0 hp 3 rüstung 0 waffe Hammer munition [None, None, None]
  p2: pos (1516.0, 561.0) vel (-0.46484375, 0.0) hook Idle (1516.0, 561.0) sprung 0 hp 4 rüstung 0 waffe Hammer munition [None, None, None]
  p3: pos (1098.0, 93.0) vel (-0.00390625, 6.5) hook Idle (1098.0, 86.0) sprung 2 hp 10 rüstung 0 waffe Hammer munition [None, None, None]
  p4: pos (46.0, 527.0) vel (0.0, 1.5625) hook Idle (46.0, 525.0) sprung 2 hp 6 rüstung 0 waffe Hammer munition [None, Some(10), Some(10)]
tick 2725: projektile 0 laser 0
  p0: pos (46.0, 561.0) vel (0.0, 0.0) hook Retracted (428.0, 539.0) sprung 0 hp 5 rüstung 0 waffe Grenade munition [None, Some(0), Some(0)]
  p1: pos (1553.0, 561.0) vel (0.0, 0.0) hook Idle (1553.0, 561.0) sprung 0 hp 3 rüstung 0 waffe Hammer munition [None, None, None]
  p2: pos (1516.0, 561.0) vel (-0.46484375, 0.0) hook Idle (1516.0, 561.0) sprung 0 hp 4 rüstung 0 waffe Hammer munition [None, None, None]
  p3: pos (1098.0, 369.0) vel (-0.00390625, 0.0) hook Idle (1098.0, 369.0) sprung 0 hp 10 rüstung 0 waffe Hammer munition [None, None, None]
  p4: pos (46.0, 518.0) vel (0.0, 0.828125) hook Idle (46.0, 517.0) sprung 2 hp 6 rüstung 0 waffe Hammer munition [None, Some(10), Some(10)]
tick 2750: projektile 0 laser 0
  p0: pos (46.0, 561.0) vel (0.0, 0.42578125) hook Idle (46.0, 561.0) sprung 0 hp 5 rüstung 0 waffe Grenade munition [None, Some(0), Some(0)]
  p1: pos (1553.0, 561.0) vel (0.0, 0.0) hook Idle (1553.0, 561.0) sprung 0 hp 3 rüstung 0 waffe Hammer munition [None, None, None]
  p2: pos (1516.0, 561.0) vel (-0.46484375, 0.0) hook Idle (1516.0, 561.0) sprung 0 hp 4 rüstung 0 waffe Hammer munition [None, None, None]
  p3: pos (1098.0, 369.0) vel (-0.00390625, 0.0) hook Idle (1098.0, 369.0) sprung 0 hp 10 rüstung 0 waffe Hammer munition [None, None, None]
  p4: pos (46.0, 526.0) vel (0.0, -1.421875) hook Idle (46.0, 527.0) sprung 2 hp 6 rüstung 0 waffe Hammer munition [None, Some(10), Some(10)]
tick 2775: projektile 0 laser 0
  p0: pos (46.0, 561.0) vel (0.0, 0.0) hook Flying (428.0, 548.0) sprung 0 hp 5 rüstung 0 waffe Laser munition [None, Some(0), Some(0)]
  p1: pos (1553.0, 561.0) vel (0.0, 0.0) hook Idle (1553.0, 561.0) sprung 0 hp 3 rüstung 0 waffe Hammer munition [None, None, None]
  p2: pos (1516.0, 561.0) vel (-0.46484375, 0.0) hook Idle (1516.0, 561.0) sprung 0 hp 4 rüstung 0 waffe Hammer munition [None, None, None]
  p3: pos (1098.0, 215.0) vel (-0.00390625, -6.6015625) hook Idle (1098.0, 222.0) sprung 0 hp 10 rüstung 0 waffe Hammer munition [None, None, None]
  p4: pos (46.0, 524.0) vel (0.0, -1.3007813) hook Idle (46.0, 525.0) sprung 2 hp 6 rüstung 0 waffe Hammer munition [None, Some(10), Some(10)]
tick 2800: projektile 0 laser 0
  p0: pos (46.0, 561.0) vel (0.0, 0.42578125) hook Retracted (428.0, 548.0) sprung 0 hp 5 rüstung 0 waffe Laser munition [None, Some(0), Some(0)]
  p1: pos (1553.0, 561.0) vel (0.0, 0.0) hook Idle (1553.0, 561.0) sprung 0 hp 3 rüstung 0 waffe Hammer munition [None, None, None]
  p2: pos (1516.0, 561.0) vel (-0.46484375, 0.0) hook Idle (1516.0, 561.0) sprung 0 hp 4 rüstung 0 waffe Hammer munition [None, None, None]
  p3: pos (1098.0, 76.0) vel (-0.00390625, -6.5) hook Idle (1098.0, 83.0) sprung 2 hp 10 rüstung 0 waffe Hammer munition [None, None, None]
  p4: pos (46.0, 526.0) vel (0.0, -1.4179688) hook Idle (46.0, 527.0) sprung 2 hp 6 rüstung 0 waffe Hammer munition [None, Some(10), Some(10)]
tick 2825: projektile 0 laser 0
  p0: pos (46.0, 561.0) vel (0.0, 0.0) hook Idle (46.0, 561.0) sprung 0 hp 5 rüstung 0 waffe Laser munition [None, Some(0), Some(0)]
  p1: pos (1553.0, 561.0) vel (0.0, 0.0) hook Idle (1553.0, 561.0) sprung 0 hp 3 rüstung 0 waffe Hammer munition [None, None, None]
  p2: pos (1516.0, 561.0) vel (-0.46484375, 0.0) hook Idle (1516.0, 561.0) sprung 0 hp 4 rüstung 0 waffe Hammer munition [None, None, None]
  p3: pos (1098.0, 133.0) vel (-0.00390625, 9.0) hook Idle (1098.0, 124.0) sprung 2 hp 10 rüstung 0 waffe Hammer munition [None, None, None]
  p4: pos (46.0, 498.0) vel (0.0, 0.23828125) hook Idle (46.0, 498.0) sprung 2 hp 6 rüstung 0 waffe Hammer munition [None, Some(10), Some(10)]
tick 2850: projektile 0 laser 0
  p0: pos (46.0, 561.0) vel (0.0, 0.0) hook Retracted (423.0, 494.0) sprung 0 hp 5 rüstung 0 waffe Laser munition [None, Some(0), Some(0)]
  p1: pos (1553.0, 561.0) vel (0.0, 0.0) hook Idle (1553.0, 561.0) sprung 0 hp 3 rüstung 0 waffe Hammer munition [None, None, None]
  p2: pos (1516.0, 561.0) vel (-0.46484375, 0.0) hook Idle (1516.0, 561.0) sprung 0 hp 4 rüstung 0 waffe Hammer munition [None, None, None]
  p3: pos (1098.0, 369.0) vel (-0.00390625, 0.0) hook Idle (1098.0, 369.0) sprung 0 hp 10 rüstung 0 waffe Hammer munition [None, None, None]
  p4: pos (46.0, 525.0) vel (0.0, -1.3476563) hook Idle (46.0, 526.0) sprung 2 hp 6 rüstung 0 waffe Hammer munition [None, Some(10), Some(10)]
tick 2875: projektile 0 laser 0
  p0: pos (46.0, 561.0) vel (0.0, 0.0) hook Idle (46.0, 561.0) sprung 0 hp 5 rüstung 0 waffe Laser munition [None, Some(0), Some(0)]
  p1: pos (1553.0, 561.0) vel (0.0, 0.0) hook Idle (1553.0, 561.0) sprung 0 hp 3 rüstung 0 waffe Hammer munition [None, None, None]
  p2: pos (1516.0, 561.0) vel (-0.46484375, 0.0) hook Idle (1516.0, 561.0) sprung 0 hp 4 rüstung 0 waffe Hammer munition [None, None, None]
  p3: pos (1098.0, 369.0) vel (-0.00390625, 0.0) hook Idle (1098.0, 369.0) sprung 0 hp 10 rüstung 0 waffe Hammer munition [None, None, None]
  p4: pos (46.0, 526.0) vel (0.0, 1.3203125) hook Idle (46.0, 525.0) sprung 2 hp 6 rüstung 0 waffe Hammer munition [None, Some(10), Some(10)]
tick 2900: projektile 0 laser 0
  p0: pos (46.0, 561.0) vel (0.0, 0.0) hook Idle (46.0, 561.0) sprung 0 hp 5 rüstung 0 waffe Laser munition [None, Some(0), Some(0)]
  p1: pos (1553.0, 561.0) vel (0.0, 0.0) hook Idle (1553.0, 561.0) sprung 0 hp 3 rüstung 0 waffe Hammer munition [None, None, None]
  p2: pos (1516.0, 561.0) vel (-0.46484375, 0.0) hook Idle (1516.0, 561.0) sprung 0 hp 4 rüstung 0 waffe Hammer munition [None, None, None]
  p3: pos (1098.0, 189.0) vel (-0.00390625, -4.1015625) hook Idle (1098.0, 193.0) sprung 0 hp 10 rüstung 0 waffe Hammer munition [None, None, None]
  p4: pos (46.0, 522.0) vel (0.0, -0.71484375) hook Idle (46.0, 523.0) sprung 2 hp 6 rüstung 0 waffe Hammer munition [None, Some(10), Some(10)]
tick 2925: projektile 0 laser 0
  p0: pos (46.0, 561.0) vel (0.0, 0.0) hook Retracted (424.0, 492.0) sprung 0 hp 5 rüstung 0 waffe Laser munition [None, Some(0), Some(0)]
  p1: pos (1553.0, 561.0) vel (0.0, 0.0) hook Idle (1553.0, 561.0) sprung 0 hp 3 rüstung 0 waffe Hammer munition [None, None, None]
  p2: pos (1516.0, 561.0) vel (-0.46484375, 0.0) hook Idle (1516.0, 561.0) sprung 0 hp 4 rüstung 0 waffe Hammer munition [None, None, None]
  p3: pos (1098.0, 51.0) vel (-0.00390625, -4.0) hook Idle (1098.0, 55.0) sprung 2 hp 10 rüstung 0 waffe Hammer munition [None, None, None]
  p4: pos (46.0, 507.0) vel (0.0, 2.375) hook Idle (46.0, 505.0) sprung 2 hp 6 rüstung 0 waffe Hammer munition [None, Some(10), Some(10)]
tick 2950: projektile 0 laser 0
  p0: pos (46.0, 561.0) vel (0.0, 0.0) hook Idle (46.0, 561.0) sprung 0 hp 5 rüstung 0 waffe Laser munition [None, Some(0), Some(0)]
  p1: pos (1553.0, 561.0) vel (0.0, 0.0) hook Idle (1553.0, 561.0) sprung 0 hp 3 rüstung 0 waffe Hammer munition [None, None, None]
  p2: pos (1516.0, 561.0) vel (-0.46484375, 0.0) hook Idle (1516.0, 561.0) sprung 0 hp 4 rüstung 0 waffe Hammer munition [None, None, None]
  p3: pos (1098.0, 184.0) vel (-0.00390625, 11.5) hook Idle (1098.0, 173.0) sprung 2 hp 10 rüstung 0 waffe Hammer munition [None, None, None]
  p4: pos (46.0, 525.0) vel (0.0, 1.9609375) hook Idle (46.0, 523.0) sprung 2 hp 6 rüstung 0 waffe Hammer munition [None, Some(10), Some(10)]
tick 2975: projektile 0 laser 0
  p0: pos (46.0, 561.0) vel (0.0, 0.0) hook Idle (46.0, 561.0) sprung 0 hp 5 rüstung 0 waffe Laser munition [None, Some(0), Some(0)]
  p1: pos (1553.0, 561.0) vel (0.0, 0.0) hook Idle (1553.0, 561.0) sprung 0 hp 3 rüstung 0 waffe Hammer munition [None, None, None]
  p2: pos (1516.0, 561.0) vel (-0.46484375, 0.0) hook Idle (1516.0, 561.0) sprung 0 hp 4 rüstung 0 waffe Hammer munition [None, None, None]
  p3: pos (1098.0, 369.0) vel (-0.00390625, 0.0) hook Idle (1098.0, 369.0) sprung 0 hp 10 rüstung 0 waffe Hammer munition [None, None, None]
  p4: pos (46.0, 527.0) vel (0.0, 1.9179688) hook Idle (46.0, 525.0) sprung 2 hp 6 rüstung 0 waffe Hammer munition [None, Some(10), Some(10)]
tick 3000: projektile 0 laser 0
  p0: pos (46.0, 561.0) vel (0.0, 0.0) hook Retracted (424.0, 515.0) sprung 0 hp 5 rüstung 0 waffe Laser munition [None, Some(0), Some(0)]
  p1: pos (1553.0, 561.0) vel (0.0, 0.0) hook Idle (1553.0, 561.0) sprung 0 hp 3 rüstung 0 waffe Hammer munition [None, None, None]
  p2: pos (1516.0, 561.0) vel (-0.46484375, 0.0) hook Idle (1516.0, 561.0) sprung 0 hp 4 rüstung 0 waffe Hammer munition [None, None, None]
  p3: pos (1098.0, 369.0) vel (-0.00390625, 0.0) hook Idle (1098.0, 369.0) sprung 0 hp 10 rüstung 0 waffe Hammer munition [None, None, None]
  p4: pos (46.0, 525.0) vel (0.0, 1.9882813) hook Idle (46.0, 523.0) sprung 2 hp 6 rüstung 0 waffe Hammer munition [None, Some(10), Some(10)]
ende tick 3000: projektile 0 laser 0
  p0: pos (46.0, 561.0) vel (0.0, 0.0) hook Retracted (424.0, 515.0) sprung 0 hp 5 rüstung 0 waffe Laser munition [None, Some(0), Some(0)]
  p1: pos (1553.0, 561.0) vel (0.0, 0.0) hook Idle (1553.0, 561.0) sprung 0 hp 3 rüstung 0 waffe Hammer munition [None, None, None]
  p2: pos (1516.0, 561.0) vel (-0.46484375, 0.0) hook Idle (1516.0, 561.0) sprung 0 hp 4 rüstung 0 waffe Hammer munition [None, None, None]
  p3: pos (1098.0, 369.0) vel (-0.00390625, 0.0) hook Idle (1098.0, 369.0) sprung 0 hp 10 rüstung 0 waffe Hammer munition [None, None, None]
  p4: pos (46.0, 525.0) vel (0.0, 1.9882813) hook Idle (46.0, 523.0) sprung 2 hp 6 rüstung 0 waffe Hammer munition [None, Some(10), Some(10)]
